Archive member included to satisfy reference by file (symbol)

/usr/lib/gcc/arm-none-eabi/6.3.1/thumb/v7-m/libgcc.a(_arm_addsubdf3.o)
                              obj/app.o (__aeabi_dsub)
/usr/lib/gcc/arm-none-eabi/6.3.1/thumb/v7-m/libgcc.a(_arm_muldivdf3.o)
                              obj/app.o (__aeabi_dmul)
/usr/lib/gcc/arm-none-eabi/6.3.1/thumb/v7-m/libgcc.a(_arm_cmpdf2.o)
                              obj/app.o (__aeabi_dcmpeq)
/usr/lib/gcc/arm-none-eabi/6.3.1/thumb/v7-m/libgcc.a(_arm_fixdfsi.o)
                              obj/app.o (__aeabi_d2iz)
/usr/lib/gcc/arm-none-eabi/6.3.1/../../../arm-none-eabi/lib/thumb/v7-m/libm.a(lib_a-w_atan2.o)
                              obj/app.o (atan2)
/usr/lib/gcc/arm-none-eabi/6.3.1/../../../arm-none-eabi/lib/thumb/v7-m/libm.a(lib_a-e_atan2.o)
                              /usr/lib/gcc/arm-none-eabi/6.3.1/../../../arm-none-eabi/lib/thumb/v7-m/libm.a(lib_a-w_atan2.o) (__ieee754_atan2)
/usr/lib/gcc/arm-none-eabi/6.3.1/../../../arm-none-eabi/lib/thumb/v7-m/libm.a(lib_a-s_atan.o)
                              /usr/lib/gcc/arm-none-eabi/6.3.1/../../../arm-none-eabi/lib/thumb/v7-m/libm.a(lib_a-e_atan2.o) (atan)
/usr/lib/gcc/arm-none-eabi/6.3.1/../../../arm-none-eabi/lib/thumb/v7-m/libm.a(lib_a-s_fabs.o)
                              /usr/lib/gcc/arm-none-eabi/6.3.1/../../../arm-none-eabi/lib/thumb/v7-m/libm.a(lib_a-e_atan2.o) (fabs)
/usr/lib/gcc/arm-none-eabi/6.3.1/../../../arm-none-eabi/lib/thumb/v7-m/libc_nano.a(lib_a-atexit.o)
                              /usr/lib/gcc/arm-none-eabi/6.3.1/../../../arm-none-eabi/lib/thumb/v7-m/crt0.o (atexit)
/usr/lib/gcc/arm-none-eabi/6.3.1/../../../arm-none-eabi/lib/thumb/v7-m/libc_nano.a(lib_a-exit.o)
                              /usr/lib/gcc/arm-none-eabi/6.3.1/../../../arm-none-eabi/lib/thumb/v7-m/crt0.o (exit)
/usr/lib/gcc/arm-none-eabi/6.3.1/../../../arm-none-eabi/lib/thumb/v7-m/libc_nano.a(lib_a-fini.o)
                              /usr/lib/gcc/arm-none-eabi/6.3.1/../../../arm-none-eabi/lib/thumb/v7-m/crt0.o (__libc_fini_array)
/usr/lib/gcc/arm-none-eabi/6.3.1/../../../arm-none-eabi/lib/thumb/v7-m/libc_nano.a(lib_a-impure.o)
                              /usr/lib/gcc/arm-none-eabi/6.3.1/../../../arm-none-eabi/lib/thumb/v7-m/libc_nano.a(lib_a-exit.o) (_global_impure_ptr)
/usr/lib/gcc/arm-none-eabi/6.3.1/../../../arm-none-eabi/lib/thumb/v7-m/libc_nano.a(lib_a-init.o)
                              /usr/lib/gcc/arm-none-eabi/6.3.1/../../../arm-none-eabi/lib/thumb/v7-m/crt0.o (__libc_init_array)
/usr/lib/gcc/arm-none-eabi/6.3.1/../../../arm-none-eabi/lib/thumb/v7-m/libc_nano.a(lib_a-memcpy.o)
                              obj/constManager.o (memcpy)
/usr/lib/gcc/arm-none-eabi/6.3.1/../../../arm-none-eabi/lib/thumb/v7-m/libc_nano.a(lib_a-memset.o)
                              /usr/lib/gcc/arm-none-eabi/6.3.1/../../../arm-none-eabi/lib/thumb/v7-m/crt0.o (memset)
/usr/lib/gcc/arm-none-eabi/6.3.1/../../../arm-none-eabi/lib/thumb/v7-m/libc_nano.a(lib_a-__atexit.o)
                              /usr/lib/gcc/arm-none-eabi/6.3.1/../../../arm-none-eabi/lib/thumb/v7-m/libc_nano.a(lib_a-atexit.o) (__register_exitproc)
/usr/lib/gcc/arm-none-eabi/6.3.1/../../../arm-none-eabi/lib/thumb/v7-m/libc_nano.a(lib_a-__call_atexit.o)
                              /usr/lib/gcc/arm-none-eabi/6.3.1/../../../arm-none-eabi/lib/thumb/v7-m/libc_nano.a(lib_a-__atexit.o) (__call_exitprocs)

Discarded input sections

 .text          0x0000000000000000        0x0 /usr/lib/gcc/arm-none-eabi/6.3.1/thumb/v7-m/crti.o
 .data          0x0000000000000000        0x0 /usr/lib/gcc/arm-none-eabi/6.3.1/thumb/v7-m/crti.o
 .bss           0x0000000000000000        0x0 /usr/lib/gcc/arm-none-eabi/6.3.1/thumb/v7-m/crti.o
 .data          0x0000000000000000        0x4 /usr/lib/gcc/arm-none-eabi/6.3.1/thumb/v7-m/crtbegin.o
 .text          0x0000000000000000       0x68 /usr/lib/gcc/arm-none-eabi/6.3.1/../../../arm-none-eabi/lib/thumb/v7-m/crt0.o
 .data          0x0000000000000000        0x0 /usr/lib/gcc/arm-none-eabi/6.3.1/../../../arm-none-eabi/lib/thumb/v7-m/crt0.o
 .bss           0x0000000000000000        0x0 /usr/lib/gcc/arm-none-eabi/6.3.1/../../../arm-none-eabi/lib/thumb/v7-m/crt0.o
 .ARM.extab     0x0000000000000000        0x0 /usr/lib/gcc/arm-none-eabi/6.3.1/../../../arm-none-eabi/lib/thumb/v7-m/crt0.o
 .ARM.exidx     0x0000000000000000        0x8 /usr/lib/gcc/arm-none-eabi/6.3.1/../../../arm-none-eabi/lib/thumb/v7-m/crt0.o
 .debug_line    0x0000000000000000       0x7e /usr/lib/gcc/arm-none-eabi/6.3.1/../../../arm-none-eabi/lib/thumb/v7-m/crt0.o
 .debug_info    0x0000000000000000       0xa3 /usr/lib/gcc/arm-none-eabi/6.3.1/../../../arm-none-eabi/lib/thumb/v7-m/crt0.o
 .debug_abbrev  0x0000000000000000       0x14 /usr/lib/gcc/arm-none-eabi/6.3.1/../../../arm-none-eabi/lib/thumb/v7-m/crt0.o
 .debug_aranges
                0x0000000000000000       0x20 /usr/lib/gcc/arm-none-eabi/6.3.1/../../../arm-none-eabi/lib/thumb/v7-m/crt0.o
 .ARM.attributes
[...]
Memory Configuration

Name             Origin             Length             Attributes
FLASH            0x0000000008000000 0x000000000001fc00 xr
RAM              0x0000000020000000 0x0000000000005000 xrw
*default*        0x0000000000000000 0xffffffffffffffff

Linker script and memory map

LOAD /usr/lib/gcc/arm-none-eabi/6.3.1/thumb/v7-m/crti.o
LOAD /usr/lib/gcc/arm-none-eabi/6.3.1/thumb/v7-m/crtbegin.o
LOAD /usr/lib/gcc/arm-none-eabi/6.3.1/../../../arm-none-eabi/lib/thumb/v7-m/crt0.o
LOAD obj/system_stm32f1xx.o
LOAD obj/trapezoid_ctrl.o
LOAD obj/deviceDefinition.o
LOAD obj/constManager.o
LOAD obj/app.o
LOAD obj/stm32f1xx_it.o
LOAD obj/msp.o
LOAD obj/assert.o
LOAD obj/stm32f1xx_hal_gpio_ex.o
LOAD obj/stm32f1xx_hal_hcd.o
LOAD obj/stm32f1xx_hal_sram.o
LOAD obj/stm32f1xx_hal_rcc.o
LOAD obj/stm32f1xx_hal_rtc.o
LOAD obj/stm32f1xx_hal_dac_ex.o
LOAD obj/stm32f1xx_hal_rtc_ex.o
LOAD obj/stm32f1xx_hal_dac.o
LOAD obj/stm32f1xx_hal_crc.o
LOAD obj/stm32f1xx_hal_tim.o
LOAD obj/stm32f1xx_hal_usart.o
LOAD obj/stm32f1xx_hal_pcd.o
LOAD obj/stm32f1xx_hal_irda.o
LOAD obj/stm32f1xx_hal_wwdg.o
LOAD obj/stm32f1xx_ll_fsmc.o
LOAD obj/stm32f1xx_hal_rcc_ex.o
LOAD obj/stm32f1xx_hal_smartcard.o
LOAD obj/stm32f1xx_hal_flash.o
LOAD obj/stm32f1xx_hal_iwdg.o
LOAD obj/stm32f1xx_hal_pcd_ex.o
LOAD obj/stm32f1xx_hal_adc.o
LOAD obj/stm32f1xx_hal_spi.o
LOAD obj/stm32f1xx_hal_gpio.o
LOAD obj/stm32f1xx_hal_nand.o
LOAD obj/stm32f1xx_hal_pwr.o
LOAD obj/stm32f1xx_hal_pccard.o
LOAD obj/stm32f1xx_hal_cec.o
LOAD obj/stm32f1xx_hal_cortex.o
LOAD obj/stm32f1xx_hal_i2s.o
LOAD obj/stm32f1xx_hal_tim_ex.o
LOAD obj/stm32f1xx_hal_adc_ex.o
LOAD obj/stm32f1xx_hal_spi_ex.o
LOAD obj/stm32f1xx_hal_dma.o
LOAD obj/stm32f1xx_hal_uart.o
LOAD obj/stm32f1xx_hal_flash_ex.o
LOAD obj/stm32f1xx_hal.o
LOAD obj/stm32f1xx_ll_sdmmc.o
LOAD obj/stm32f1xx_hal_can.o
LOAD obj/stm32f1xx_hal_nor.o
LOAD obj/stm32f1xx_hal_sd.o
LOAD obj/stm32f1xx_ll_usb.o
LOAD obj/stm32f1xx_hal_i2c.o
LOAD obj/stm32f1xx_hal_eth.o
LOAD obj/MW_I2C.o
LOAD obj/MW_TIM.o
LOAD obj/MW_flash.o
LOAD obj/MW_ENCODER.o
LOAD obj/MW_IWDG.o
LOAD obj/MW_USART.o
LOAD obj/MW_GPIO.o
LOAD obj/message.o
LOAD obj/xprintf.o
LOAD obj/DD_RC.o
LOAD obj/DD_ENCODER.o
LOAD obj/DD_SV.o
LOAD obj/DD_MD.o
LOAD obj/DD_AB.o
LOAD obj/DD_Gene.o
LOAD obj/SystemTaskManager.o
LOAD obj/startup.o
START GROUP
LOAD /usr/lib/gcc/arm-none-eabi/6.3.1/thumb/v7-m/libgcc.a
LOAD /usr/lib/gcc/arm-none-eabi/6.3.1/../../../arm-none-eabi/lib/thumb/v7-m/libm.a
END GROUP
START GROUP
LOAD /usr/lib/gcc/arm-none-eabi/6.3.1/thumb/v7-m/libgcc.a
LOAD /usr/lib/gcc/arm-none-eabi/6.3.1/../../../arm-none-eabi/lib/thumb/v7-m/libc_nano.a
END GROUP
START GROUP
LOAD /usr/lib/gcc/arm-none-eabi/6.3.1/thumb/v7-m/libgcc.a
LOAD /usr/lib/gcc/arm-none-eabi/6.3.1/../../../arm-none-eabi/lib/thumb/v7-m/libc_nano.a
END GROUP
LOAD /usr/lib/gcc/arm-none-eabi/6.3.1/thumb/v7-m/crtend.o
LOAD /usr/lib/gcc/arm-none-eabi/6.3.1/thumb/v7-m/crtn.o
                0x0000000020005000                _estack = 0x20005000
                0x0000000000000200                _Min_Heap_Size = 0x200
                0x0000000000000400                _Min_Stack_Size = 0x400

.isr_vector     0x0000000008000000      0x10c
                0x0000000008000000                . = ALIGN (0x4)
 *(.isr_vector)
 .isr_vector    0x0000000008000000      0x10c obj/startup.o
                0x0000000008000000                g_pfnVectors
                0x000000000800010c                . = ALIGN (0x4)

.text           0x0000000008000110     0x55e8
                0x0000000008000110                . = ALIGN (0x4)
 *(.text)
 .text          0x0000000008000110       0xa4 /usr/lib/gcc/arm-none-eabi/6.3.1/thumb/v7-m/crtbegin.o
 .text          0x00000000080001b4      0x370 /usr/lib/gcc/arm-none-eabi/6.3.1/thumb/v7-m/libgcc.a(_arm_addsubdf3.o)
                0x00000000080001b4                __aeabi_drsub
                0x00000000080001bc                __aeabi_dsub
                0x00000000080001bc                __subdf3
                0x00000000080001c0                __adddf3
                0x00000000080001c0                __aeabi_dadd
                0x0000000008000438                __aeabi_ui2d
                0x0000000008000438                __floatunsidf
                0x0000000008000458                __floatsidf
                0x0000000008000458                __aeabi_i2d
                0x000000000800047c                __extendsfdf2
                0x000000000800047c                __aeabi_f2d
                0x00000000080004b8                __aeabi_ul2d
                0x00000000080004b8                __floatundidf
                0x00000000080004c8                __floatdidf
                0x00000000080004c8                __aeabi_l2d
 .text          0x0000000008000524      0x424 /usr/lib/gcc/arm-none-eabi/6.3.1/thumb/v7-m/libgcc.a(_arm_muldivdf3.o)
                0x0000000008000524                __aeabi_dmul
                0x0000000008000524                __muldf3
                0x0000000008000778                __aeabi_ddiv
                0x0000000008000778                __divdf3
 .text          0x0000000008000948      0x110 /usr/lib/gcc/arm-none-eabi/6.3.1/thumb/v7-m/libgcc.a(_arm_cmpdf2.o)
                0x0000000008000948                __gtdf2
                0x0000000008000948                __gedf2
                0x0000000008000950                __ltdf2
                0x0000000008000950                __ledf2
                0x0000000008000958                __cmpdf2
                0x0000000008000958                __eqdf2
                0x0000000008000958                __nedf2
                0x00000000080009d4                __aeabi_cdrcmple
                0x00000000080009e4                __aeabi_cdcmple
                0x00000000080009e4                __aeabi_cdcmpeq
                0x00000000080009f4                __aeabi_dcmpeq
                0x0000000008000a08                __aeabi_dcmplt
                0x0000000008000a1c                __aeabi_dcmple
                0x0000000008000a30                __aeabi_dcmpge
                0x0000000008000a44                __aeabi_dcmpgt
 .text          0x0000000008000a58       0x50 /usr/lib/gcc/arm-none-eabi/6.3.1/thumb/v7-m/libgcc.a(_arm_fixdfsi.o)
                0x0000000008000a58                __fixdfsi
                0x0000000008000a58                __aeabi_d2iz
 .text          0x0000000008000aa8        0x4 /usr/lib/gcc/arm-none-eabi/6.3.1/../../../arm-none-eabi/lib/thumb/v7-m/libm.a(lib_a-w_atan2.o)
                0x0000000008000aa8                atan2
 *fill*         0x0000000008000aac        0x4 
 .text          0x0000000008000ab0      0x1d4 /usr/lib/gcc/arm-none-eabi/6.3.1/../../../arm-none-eabi/lib/thumb/v7-m/libm.a(lib_a-e_atan2.o)
                0x0000000008000ab0                __ieee754_atan2
 *fill*         0x0000000008000c84        0x4 
 .text          0x0000000008000c88      0x340 /usr/lib/gcc/arm-none-eabi/6.3.1/../../../arm-none-eabi/lib/thumb/v7-m/libm.a(lib_a-s_atan.o)
                0x0000000008000c88                atan
 .text          0x0000000008000fc8        0x8 /usr/lib/gcc/arm-none-eabi/6.3.1/../../../arm-none-eabi/lib/thumb/v7-m/libm.a(lib_a-s_fabs.o)
                0x0000000008000fc8                fabs
 .text          0x0000000008000fd0       0x50 /usr/lib/gcc/arm-none-eabi/6.3.1/../../../arm-none-eabi/lib/thumb/v7-m/libc_nano.a(lib_a-init.o)
                0x0000000008000fd0                __libc_init_array
 .text          0x0000000008001020       0xec /usr/lib/gcc/arm-none-eabi/6.3.1/../../../arm-none-eabi/lib/thumb/v7-m/libc_nano.a(lib_a-memcpy.o)
                0x0000000008001020                memcpy
 *(.text*)
 .text.SystemInit
                0x000000000800110c       0x4c obj/system_stm32f1xx.o
                0x000000000800110c                SystemInit
 .text.trapezoidCtrl
                0x0000000008001158       0xa4 obj/trapezoid_ctrl.o
                0x0000000008001158                trapezoidCtrl
 .text.reloadDefault
                0x00000000080011fc       0x18 obj/constManager.o
 .text.load     0x0000000008001214       0x40 obj/constManager.o
 .text.ad_init  0x0000000008001254        0xc obj/constManager.o
                0x0000000008001254                ad_init
 .text.Arm_ABSystem
                0x0000000008001260       0x74 obj/app.o
 .text.CollectSystem
                0x00000000080012d4      0x104 obj/app.o
 .text.ArmSystem
                0x00000000080013d8       0x78 obj/app.o
 .text.SusSystem
                0x0000000008001450      0x69c obj/app.o
 .text.HandSystem
                0x0000000008001aec       0xa8 obj/app.o
 .text.ReleaseSystem
                0x0000000008001b94       0x8c obj/app.o
 .text.LoadingSystem
                0x0000000008001c20      0x174 obj/app.o
 .text.appInit  0x0000000008001d94        0xa obj/app.o
                0x0000000008001d94                appInit
 .text.appTask  0x0000000008001d9e       0x48 obj/app.o
                0x0000000008001d9e                appTask
 .text.NMI_Handler
                0x0000000008001de6        0x2 obj/stm32f1xx_it.o
                0x0000000008001de6                NMI_Handler
 .text.HardFault_Handler
                0x0000000008001de8        0x2 obj/stm32f1xx_it.o
                0x0000000008001de8                HardFault_Handler
 .text.MemManage_Handler
                0x0000000008001dea        0x2 obj/stm32f1xx_it.o
                0x0000000008001dea                MemManage_Handler
 .text.BusFault_Handler
                0x0000000008001dec        0x2 obj/stm32f1xx_it.o
                0x0000000008001dec                BusFault_Handler
 .text.UsageFault_Handler
                0x0000000008001dee        0x2 obj/stm32f1xx_it.o
                0x0000000008001dee                UsageFault_Handler
 .text.SVC_Handler
                0x0000000008001df0        0x2 obj/stm32f1xx_it.o
                0x0000000008001df0                SVC_Handler
 .text.DebugMon_Handler
                0x0000000008001df2        0x2 obj/stm32f1xx_it.o
                0x0000000008001df2                DebugMon_Handler
 .text.PendSV_Handler
                0x0000000008001df4        0x2 obj/stm32f1xx_it.o
                0x0000000008001df4                PendSV_Handler
 *fill*         0x0000000008001df6        0x2 
 .text.SysTick_Handler
                0x0000000008001df8       0x18 obj/stm32f1xx_it.o
                0x0000000008001df8                SysTick_Handler
 .text.DMA1_Channel7_IRQHandler
                0x0000000008001e10       0x10 obj/stm32f1xx_it.o
                0x0000000008001e10                DMA1_Channel7_IRQHandler
 .text.DMA1_Channel3_IRQHandler
                0x0000000008001e20       0x10 obj/stm32f1xx_it.o
                0x0000000008001e20                DMA1_Channel3_IRQHandler
 .text.USART3_IRQHandler
                0x0000000008001e30       0x10 obj/stm32f1xx_it.o
                0x0000000008001e30                USART3_IRQHandler
 .text.USART2_IRQHandler
                0x0000000008001e40       0x10 obj/stm32f1xx_it.o
                0x0000000008001e40                USART2_IRQHandler
 .text.HAL_MspInit
                0x0000000008001e50       0x7c obj/msp.o
                0x0000000008001e50                HAL_MspInit
 .text.HAL_I2C_MspInit
                0x0000000008001ecc      0x100 obj/msp.o
                0x0000000008001ecc                HAL_I2C_MspInit
 .text.HAL_UART_MspInit
                0x0000000008001fcc      0x1fc obj/msp.o
                0x0000000008001fcc                HAL_UART_MspInit
 .text.assert_failed
                0x00000000080021c8        0x2 obj/assert.o
                0x00000000080021c8                assert_failed
 *fill*         0x00000000080021ca        0x2 
 .text.HAL_RCC_OscConfig
                0x00000000080021cc      0x70c obj/stm32f1xx_hal_rcc.o
                0x00000000080021cc                HAL_RCC_OscConfig
 .text.HAL_RCC_GetSysClockFreq
                0x00000000080028d8       0x88 obj/stm32f1xx_hal_rcc.o
                0x00000000080028d8                HAL_RCC_GetSysClockFreq
 .text.HAL_RCC_ClockConfig
                0x0000000008002960      0x298 obj/stm32f1xx_hal_rcc.o
                0x0000000008002960                HAL_RCC_ClockConfig
 .text.HAL_RCC_GetHCLKFreq
                0x0000000008002bf8        0xc obj/stm32f1xx_hal_rcc.o
                0x0000000008002bf8                HAL_RCC_GetHCLKFreq
 .text.HAL_RCC_GetPCLK1Freq
                0x0000000008002c04       0x2c obj/stm32f1xx_hal_rcc.o
                0x0000000008002c04                HAL_RCC_GetPCLK1Freq
 .text.HAL_RCC_GetPCLK2Freq
                0x0000000008002c30       0x2c obj/stm32f1xx_hal_rcc.o
                0x0000000008002c30                HAL_RCC_GetPCLK2Freq
 .text.HAL_TIM_PeriodElapsedCallback
                0x0000000008002c5c        0x2 obj/stm32f1xx_hal_tim.o
                0x0000000008002c5c                HAL_TIM_PeriodElapsedCallback
 .text.HAL_TIM_OC_DelayElapsedCallback
                0x0000000008002c5e        0x2 obj/stm32f1xx_hal_tim.o
                0x0000000008002c5e                HAL_TIM_OC_DelayElapsedCallback
 .text.HAL_TIM_IC_CaptureCallback
                0x0000000008002c60        0x2 obj/stm32f1xx_hal_tim.o
                0x0000000008002c60                HAL_TIM_IC_CaptureCallback
 .text.HAL_TIM_PWM_PulseFinishedCallback
                0x0000000008002c62        0x2 obj/stm32f1xx_hal_tim.o
                0x0000000008002c62                HAL_TIM_PWM_PulseFinishedCallback
 .text.HAL_TIM_TriggerCallback
                0x0000000008002c64        0x2 obj/stm32f1xx_hal_tim.o
                0x0000000008002c64                HAL_TIM_TriggerCallback
 .text.HAL_TIM_IRQHandler
                0x0000000008002c66      0x17a obj/stm32f1xx_hal_tim.o
                0x0000000008002c66                HAL_TIM_IRQHandler
 .text.HAL_RCCEx_PeriphCLKConfig
                0x0000000008002de0      0x19c obj/stm32f1xx_hal_rcc_ex.o
                0x0000000008002de0                HAL_RCCEx_PeriphCLKConfig
 .text.HAL_IWDG_MspInit
                0x0000000008002f7c        0x2 obj/stm32f1xx_hal_iwdg.o
                0x0000000008002f7c                HAL_IWDG_MspInit
 *fill*         0x0000000008002f7e        0x2 
 .text.HAL_IWDG_Init
                0x0000000008002f80       0xa0 obj/stm32f1xx_hal_iwdg.o
                0x0000000008002f80                HAL_IWDG_Init
 .text.HAL_IWDG_Start
                0x0000000008003020       0x2a obj/stm32f1xx_hal_iwdg.o
                0x0000000008003020                HAL_IWDG_Start
 .text.HAL_IWDG_Refresh
                0x000000000800304a       0x4c obj/stm32f1xx_hal_iwdg.o
                0x000000000800304a                HAL_IWDG_Refresh
 *fill*         0x0000000008003096        0x2 
 .text.HAL_GPIO_Init
                0x0000000008003098      0x324 obj/stm32f1xx_hal_gpio.o
                0x0000000008003098                HAL_GPIO_Init
 .text.HAL_GPIO_ReadPin
                0x00000000080033bc       0x28 obj/stm32f1xx_hal_gpio.o
                0x00000000080033bc                HAL_GPIO_ReadPin
 .text.HAL_GPIO_WritePin
                0x00000000080033e4       0x34 obj/stm32f1xx_hal_gpio.o
                0x00000000080033e4                HAL_GPIO_WritePin
 .text.HAL_NVIC_SetPriorityGrouping
                0x0000000008003418       0x3c obj/stm32f1xx_hal_cortex.o
                0x0000000008003418                HAL_NVIC_SetPriorityGrouping
 .text.HAL_NVIC_SetPriority
                0x0000000008003454       0x88 obj/stm32f1xx_hal_cortex.o
                0x0000000008003454                HAL_NVIC_SetPriority
 .text.HAL_NVIC_EnableIRQ
                0x00000000080034dc       0x2c obj/stm32f1xx_hal_cortex.o
                0x00000000080034dc                HAL_NVIC_EnableIRQ
 .text.HAL_SYSTICK_Config
                0x0000000008003508       0x2c obj/stm32f1xx_hal_cortex.o
                0x0000000008003508                HAL_SYSTICK_Config
 .text.HAL_SYSTICK_CLKSourceConfig
                0x0000000008003534       0x3c obj/stm32f1xx_hal_cortex.o
                0x0000000008003534                HAL_SYSTICK_CLKSourceConfig
 .text.HAL_SYSTICK_Callback
                0x0000000008003570        0x2 obj/stm32f1xx_hal_cortex.o
                0x0000000008003570                HAL_SYSTICK_Callback
 .text.HAL_SYSTICK_IRQHandler
                0x0000000008003572        0x8 obj/stm32f1xx_hal_cortex.o
                0x0000000008003572                HAL_SYSTICK_IRQHandler
 .text.HAL_TIMEx_CommutationCallback
                0x000000000800357a        0x2 obj/stm32f1xx_hal_tim_ex.o
                0x000000000800357a                HAL_TIMEx_CommutationCallback
 .text.HAL_TIMEx_BreakCallback
                0x000000000800357c        0x2 obj/stm32f1xx_hal_tim_ex.o
                0x000000000800357c                HAL_TIMEx_BreakCallback
 .text.DMA_SetConfig
                0x000000000800357e       0x22 obj/stm32f1xx_hal_dma.o
 .text.HAL_DMA_Init
                0x00000000080035a0      0x12c obj/stm32f1xx_hal_dma.o
                0x00000000080035a0                HAL_DMA_Init
 .text.HAL_DMA_Start_IT
                0x00000000080036cc       0x80 obj/stm32f1xx_hal_dma.o
                0x00000000080036cc                HAL_DMA_Start_IT
 .text.HAL_DMA_IRQHandler
                0x000000000800374c      0x270 obj/stm32f1xx_hal_dma.o
                0x000000000800374c                HAL_DMA_IRQHandler
 .text.UART_Transmit_IT
                0x00000000080039bc       0x6c obj/stm32f1xx_hal_uart.o
 .text.UART_SetConfig
                0x0000000008003a28      0x210 obj/stm32f1xx_hal_uart.o
 .text.HAL_UART_Init
                0x0000000008003c38       0xf4 obj/stm32f1xx_hal_uart.o
                0x0000000008003c38                HAL_UART_Init
 .text.HAL_UART_Transmit_DMA
                0x0000000008003d2c       0xa0 obj/stm32f1xx_hal_uart.o
                0x0000000008003d2c                HAL_UART_Transmit_DMA
 .text.HAL_UART_Receive_DMA
                0x0000000008003dcc       0x98 obj/stm32f1xx_hal_uart.o
                0x0000000008003dcc                HAL_UART_Receive_DMA
 .text.UART_DMATransmitCplt
                0x0000000008003e64       0x30 obj/stm32f1xx_hal_uart.o
 .text.UART_EndTransmit_IT
                0x0000000008003e94       0x2c obj/stm32f1xx_hal_uart.o
 .text.HAL_UART_TxHalfCpltCallback
                0x0000000008003ec0        0x2 obj/stm32f1xx_hal_uart.o
                0x0000000008003ec0                HAL_UART_TxHalfCpltCallback
 .text.UART_DMATxHalfCplt
                0x0000000008003ec2        0xa obj/stm32f1xx_hal_uart.o
 .text.UART_DMAReceiveCplt
                0x0000000008003ecc       0x3c obj/stm32f1xx_hal_uart.o
 .text.UART_Receive_IT
                0x0000000008003f08       0xb6 obj/stm32f1xx_hal_uart.o
 .text.HAL_UART_RxHalfCpltCallback
                0x0000000008003fbe        0x2 obj/stm32f1xx_hal_uart.o
                0x0000000008003fbe                HAL_UART_RxHalfCpltCallback
 .text.UART_DMARxHalfCplt
                0x0000000008003fc0        0xa obj/stm32f1xx_hal_uart.o
 .text.HAL_UART_ErrorCallback
                0x0000000008003fca        0x2 obj/stm32f1xx_hal_uart.o
                0x0000000008003fca                HAL_UART_ErrorCallback
 .text.UART_DMAError
                0x0000000008003fcc       0x1e obj/stm32f1xx_hal_uart.o
 .text.HAL_UART_IRQHandler
                0x0000000008003fea       0xca obj/stm32f1xx_hal_uart.o
                0x0000000008003fea                HAL_UART_IRQHandler
 .text.HAL_InitTick
                0x00000000080040b4       0x28 obj/stm32f1xx_hal.o
                0x00000000080040b4                HAL_InitTick
 .text.HAL_Init
                0x00000000080040dc       0x24 obj/stm32f1xx_hal.o
                0x00000000080040dc                HAL_Init
 .text.HAL_IncTick
                0x0000000008004100       0x10 obj/stm32f1xx_hal.o
                0x0000000008004100                HAL_IncTick
 .text.HAL_GetTick
                0x0000000008004110        0xc obj/stm32f1xx_hal.o
                0x0000000008004110                HAL_GetTick
 .text.HAL_Delay
                0x000000000800411c       0x1c obj/stm32f1xx_hal.o
                0x000000000800411c                HAL_Delay
 .text.I2C_Configure_Speed
                0x0000000008004138       0x4c obj/stm32f1xx_hal_i2c.o
 .text.I2C_IsAcknowledgeFailed
                0x0000000008004184       0x2a obj/stm32f1xx_hal_i2c.o
 .text.I2C_WaitOnFlagUntilTimeout
                0x00000000080041ae       0xc6 obj/stm32f1xx_hal_i2c.o
 .text.I2C_WaitOnMasterAddressFlagUntilTimeout
                0x0000000008004274       0x92 obj/stm32f1xx_hal_i2c.o
 *fill*         0x0000000008004306        0x2 
 .text.I2C_MasterRequestWrite
                0x0000000008004308       0x8c obj/stm32f1xx_hal_i2c.o
 .text.I2C_WaitOnTXEFlagUntilTimeout
                0x0000000008004394       0x50 obj/stm32f1xx_hal_i2c.o
 .text.I2C_WaitOnBTFFlagUntilTimeout
                0x00000000080043e4       0x50 obj/stm32f1xx_hal_i2c.o
 .text.HAL_I2C_Init
                0x0000000008004434      0x180 obj/stm32f1xx_hal_i2c.o
                0x0000000008004434                HAL_I2C_Init
 .text.HAL_I2C_Master_Transmit
                0x00000000080045b4      0x130 obj/stm32f1xx_hal_i2c.o
                0x00000000080045b4                HAL_I2C_Master_Transmit
 .text.MW_SetI2CClockSpeed
                0x00000000080046e4       0x24 obj/MW_I2C.o
                0x00000000080046e4                MW_SetI2CClockSpeed
 .text.MW_I2CInit
                0x0000000008004708       0x1c obj/MW_I2C.o
                0x0000000008004708                MW_I2CInit
 .text.MW_I2C1Transmit
                0x0000000008004724       0x28 obj/MW_I2C.o
                0x0000000008004724                MW_I2C1Transmit
 .text.TIM1_UP_IRQHandler
                0x000000000800474c       0x10 obj/MW_TIM.o
                0x000000000800474c                TIM1_UP_IRQHandler
 .text.TIM2_IRQHandler
                0x000000000800475c       0x10 obj/MW_TIM.o
                0x000000000800475c                TIM2_IRQHandler
 .text.MW_SetIWDGPrescaler
                0x000000000800476c        0xc obj/MW_IWDG.o
                0x000000000800476c                MW_SetIWDGPrescaler
 .text.MW_SetIWDGReload
                0x0000000008004778        0xc obj/MW_IWDG.o
                0x0000000008004778                MW_SetIWDGReload
 .text.MW_IWDGInit
                0x0000000008004784       0x1c obj/MW_IWDG.o
                0x0000000008004784                MW_IWDGInit
 .text.MW_IWDGClr
                0x00000000080047a0       0x10 obj/MW_IWDG.o
                0x00000000080047a0                MW_IWDGClr
 .text.MW_USARTSetBaudRate
                0x00000000080047b0       0x28 obj/MW_USART.o
                0x00000000080047b0                MW_USARTSetBaudRate
 .text.MW_USARTInit
                0x00000000080047d8       0x1c obj/MW_USART.o
                0x00000000080047d8                MW_USARTInit
 .text.MW_USART2Transmit
                0x00000000080047f4       0x1c obj/MW_USART.o
                0x00000000080047f4                MW_USART2Transmit
 .text.MW_USART3ReceiveMult
                0x0000000008004810       0x1c obj/MW_USART.o
                0x0000000008004810                MW_USART3ReceiveMult
 .text.MW_SetGPIOPin
                0x000000000800482c        0xc obj/MW_GPIO.o
                0x000000000800482c                MW_SetGPIOPin
 .text.MW_SetGPIOMode
                0x0000000008004838        0xc obj/MW_GPIO.o
                0x0000000008004838                MW_SetGPIOMode
 .text.MW_SetGPIOPull
                0x0000000008004844        0xc obj/MW_GPIO.o
                0x0000000008004844                MW_SetGPIOPull
 .text.MW_SetGPIOSpeed
                0x0000000008004850        0xc obj/MW_GPIO.o
                0x0000000008004850                MW_SetGPIOSpeed
 .text.MW_GPIOInit
                0x000000000800485c       0x2c obj/MW_GPIO.o
                0x000000000800485c                MW_GPIOInit
 .text.MW_GPIOWrite
                0x0000000008004888       0x30 obj/MW_GPIO.o
                0x0000000008004888                MW_GPIOWrite
 .text.MW_GPIORead
                0x00000000080048b8       0x2c obj/MW_GPIO.o
                0x00000000080048b8                MW_GPIORead
 .text._xprintf
                0x00000000080048e4       0x1c obj/message.o
 .text.MW_waitForMessageTransitionComplete
                0x0000000008004900       0x3c obj/message.o
                0x0000000008004900                MW_waitForMessageTransitionComplete
 .text.flush    0x000000000800493c       0x40 obj/message.o
                0x000000000800493c                flush
 .text.MW_printf
                0x000000000800497c       0x44 obj/message.o
                0x000000000800497c                MW_printf
 .text._msg     0x00000000080049c0       0x4c obj/message.o
                0x00000000080049c0                _msg
 .text.MW_messageTransitionCompletedCallBack
                0x0000000008004a0c        0xc obj/message.o
                0x0000000008004a0c                MW_messageTransitionCompletedCallBack
 .text.xputc    0x0000000008004a18       0x34 obj/xprintf.o
                0x0000000008004a18                xputc
 .text.xputs    0x0000000008004a4c       0x14 obj/xprintf.o
                0x0000000008004a4c                xputs
 .text.xvprintf
                0x0000000008004a60      0x1f6 obj/xprintf.o
                0x0000000008004a60                xvprintf
 *fill*         0x0000000008004c56        0x2 
 .text.DD_RCInit
                0x0000000008004c58       0x7c obj/DD_RC.o
                0x0000000008004c58                DD_RCInit
 .text.DD_RC_element
                0x0000000008004cd4       0x6c obj/DD_RC.o
                0x0000000008004cd4                DD_RC_element
 .text.DD_RCTask
                0x0000000008004d40       0x48 obj/DD_RC.o
                0x0000000008004d40                DD_RCTask
 .text.DD_RCGetLX
                0x0000000008004d88       0x22 obj/DD_RC.o
                0x0000000008004d88                DD_RCGetLX
 .text.DD_RCGetLY
                0x0000000008004daa       0x22 obj/DD_RC.o
                0x0000000008004daa                DD_RCGetLY
 .text.DD_RCGetRX
                0x0000000008004dcc       0x22 obj/DD_RC.o
                0x0000000008004dcc                DD_RCGetRX
 .text.DD_RCGetRY
                0x0000000008004dee       0x22 obj/DD_RC.o
                0x0000000008004dee                DD_RCGetRY
 .text.DD_RCPrint
                0x0000000008004e10      0x2b8 obj/DD_RC.o
                0x0000000008004e10                DD_RCPrint
 .text.DD_send2MD
                0x00000000080050c8       0x58 obj/DD_MD.o
                0x00000000080050c8                DD_send2MD
 .text.DD_MDHandPrint
                0x0000000008005120       0x5c obj/DD_MD.o
                0x0000000008005120                DD_MDHandPrint
 .text.DD_send2AB
                0x000000000800517c       0x20 obj/DD_AB.o
                0x000000000800517c                DD_send2AB
 .text.DD_ABHandPrint
                0x000000000800519c       0x14 obj/DD_AB.o
                0x000000000800519c                DD_ABHandPrint
 .text.DD_I2CSend
                0x00000000080051b0       0x3c obj/DD_Gene.o
                0x00000000080051b0                DD_I2CSend
 .text.DD_doTasks
                0x00000000080051ec       0x48 obj/DD_Gene.o
                0x00000000080051ec                DD_doTasks
 .text.DD_print
                0x0000000008005234       0x38 obj/DD_Gene.o
                0x0000000008005234                DD_print
 .text.DD_initialize
                0x000000000800526c       0x20 obj/DD_Gene.o
                0x000000000800526c                DD_initialize
 .text.SY_I2CConnTest
                0x000000000800528c        0x4 obj/SystemTaskManager.o
 .text.SY_clockInit
                0x0000000008005290       0xc8 obj/SystemTaskManager.o
 .text.SY_GPIOInit
                0x0000000008005358       0xb0 obj/SystemTaskManager.o
 .text.SY_init  0x0000000008005408       0xc8 obj/SystemTaskManager.o
 .text.SY_doAppTasks
                0x00000000080054d0        0x8 obj/SystemTaskManager.o
 .text.SY_doDevDriverTasks
                0x00000000080054d8        0x8 obj/SystemTaskManager.o
 .text.main     0x00000000080054e0      0x144 obj/SystemTaskManager.o
                0x00000000080054e0                main
 .text.SY_wait  0x0000000008005624       0x2c obj/SystemTaskManager.o
                0x0000000008005624                SY_wait
 .text.HAL_UART_RxCpltCallback
                0x0000000008005650       0x3c obj/SystemTaskManager.o
                0x0000000008005650                HAL_UART_RxCpltCallback
 .text.HAL_UART_TxCpltCallback
                0x000000000800568c        0x8 obj/SystemTaskManager.o
                0x000000000800568c                HAL_UART_TxCpltCallback
 .text.Reset_Handler
                0x0000000008005694       0x48 obj/startup.o
                0x0000000008005694                Reset_Handler
 .text.Default_Handler
                0x00000000080056dc        0x2 obj/startup.o
                0x00000000080056dc                RTC_Alarm_IRQHandler
                0x00000000080056dc                EXTI2_IRQHandler
                0x00000000080056dc                TIM1_CC_IRQHandler
                0x00000000080056dc                PVD_IRQHandler
                0x00000000080056dc                EXTI3_IRQHandler
                0x00000000080056dc                EXTI0_IRQHandler
                0x00000000080056dc                I2C2_EV_IRQHandler
                0x00000000080056dc                ADC1_2_IRQHandler
                0x00000000080056dc                SPI1_IRQHandler
                0x00000000080056dc                TAMPER_IRQHandler
                0x00000000080056dc                DMA1_Channel4_IRQHandler
                0x00000000080056dc                RTC_IRQHandler
                0x00000000080056dc                CAN1_RX1_IRQHandler
                0x00000000080056dc                TIM4_IRQHandler
                0x00000000080056dc                I2C1_EV_IRQHandler
                0x00000000080056dc                DMA1_Channel6_IRQHandler
                0x00000000080056dc                TIM3_IRQHandler
                0x00000000080056dc                RCC_IRQHandler
                0x00000000080056dc                TIM1_TRG_COM_IRQHandler
                0x00000000080056dc                DMA1_Channel1_IRQHandler
                0x00000000080056dc                Default_Handler
                0x00000000080056dc                EXTI15_10_IRQHandler
                0x00000000080056dc                EXTI9_5_IRQHandler
                0x00000000080056dc                SPI2_IRQHandler
                0x00000000080056dc                DMA1_Channel5_IRQHandler
                0x00000000080056dc                EXTI4_IRQHandler
                0x00000000080056dc                USB_LP_CAN1_RX0_IRQHandler
                0x00000000080056dc                USB_HP_CAN1_TX_IRQHandler
                0x00000000080056dc                WWDG_IRQHandler
                0x00000000080056dc                TIM1_BRK_IRQHandler
                0x00000000080056dc                EXTI1_IRQHandler
                0x00000000080056dc                I2C2_ER_IRQHandler
                0x00000000080056dc                DMA1_Channel2_IRQHandler
                0x00000000080056dc                CAN1_SCE_IRQHandler
                0x00000000080056dc                FLASH_IRQHandler
                0x00000000080056dc                USART1_IRQHandler
                0x00000000080056dc                I2C1_ER_IRQHandler
                0x00000000080056dc                USBWakeUp_IRQHandler
 *(.glue_7)
 .glue_7        0x00000000080056de        0x0 linker stubs
 *(.glue_7t)
 .glue_7t       0x00000000080056de        0x0 linker stubs
 *(.eh_frame)
 *fill*         0x00000000080056de        0x2 
 .eh_frame      0x00000000080056e0        0x0 /usr/lib/gcc/arm-none-eabi/6.3.1/thumb/v7-m/crtbegin.o
 *(.init)
 .init          0x00000000080056e0        0x4 /usr/lib/gcc/arm-none-eabi/6.3.1/thumb/v7-m/crti.o
                0x00000000080056e0                _init
 .init          0x00000000080056e4        0x8 /usr/lib/gcc/arm-none-eabi/6.3.1/thumb/v7-m/crtn.o
 *(.fini)
 .fini          0x00000000080056ec        0x4 /usr/lib/gcc/arm-none-eabi/6.3.1/thumb/v7-m/crti.o
                0x00000000080056ec                _fini
 .fini          0x00000000080056f0        0x8 /usr/lib/gcc/arm-none-eabi/6.3.1/thumb/v7-m/crtn.o
                0x00000000080056f8                . = ALIGN (0x4)
                0x00000000080056f8                _etext = .

.vfp11_veneer   0x00000000080056f8        0x0
 .vfp11_veneer  0x00000000080056f8        0x0 linker stubs

.v4_bx          0x00000000080056f8        0x0
 .v4_bx         0x00000000080056f8        0x0 linker stubs

.iplt           0x00000000080056f8        0x0
 .iplt          0x00000000080056f8        0x0 /usr/lib/gcc/arm-none-eabi/6.3.1/thumb/v7-m/crtbegin.o

.rodata         0x00000000080056f8      0x764
                0x00000000080056f8                . = ALIGN (0x4)
 *(.rodata)
 .rodata        0x00000000080056f8       0x18 obj/app.o
 .rodata        0x0000000008005710       0x12 obj/stm32f1xx_hal_rcc.o
 *fill*         0x0000000008005722        0x6 
 .rodata        0x0000000008005728       0x40 /usr/lib/gcc/arm-none-eabi/6.3.1/../../../arm-none-eabi/lib/thumb/v7-m/libm.a(lib_a-s_atan.o)
 *(.rodata*)
 .rodata.AHBPrescTable
                0x0000000008005768       0x10 obj/system_stm32f1xx.o
                0x0000000008005768                AHBPrescTable
 .rodata.APBPrescTable
                0x0000000008005778        0x8 obj/system_stm32f1xx.o
                0x0000000008005778                APBPrescTable
 .rodata.defaultad
                0x0000000008005780      0x144 obj/constManager.o
 .rodata.HandSystem.str1.4
                0x00000000080058c4       0x12 obj/app.o
 *fill*         0x00000000080058d6        0x2 
 .rodata.LoadingSystem.str1.4
                0x00000000080058d8       0x43 obj/app.o
 *fill*         0x000000000800591b        0x1 
 .rodata.ReleaseSystem.str1.4
                0x000000000800591c       0x13 obj/app.o
 *fill*         0x000000000800592f        0x1 
 .rodata.SusSystem.str1.4
                0x0000000008005930       0x19 obj/app.o
 *fill*         0x0000000008005949        0x3 
 .rodata.HAL_RCC_OscConfig.str1.4
                0x000000000800594c       0x35 obj/stm32f1xx_hal_rcc.o
 *fill*         0x0000000008005981        0x3 
 .rodata.HAL_RCCEx_PeriphCLKConfig.str1.4
                0x0000000008005984       0x38 obj/stm32f1xx_hal_rcc_ex.o
 .rodata.HAL_IWDG_Init.str1.4
                0x00000000080059bc       0x36 obj/stm32f1xx_hal_iwdg.o
 *fill*         0x00000000080059f2        0x2 
 .rodata.HAL_GPIO_Init.str1.4
                0x00000000080059f4       0x36 obj/stm32f1xx_hal_gpio.o
 *fill*         0x0000000008005a2a        0x2 
 .rodata.HAL_NVIC_SetPriorityGrouping.str1.4
                0x0000000008005a2c       0x38 obj/stm32f1xx_hal_cortex.o
 .rodata.HAL_DMA_Init.str1.4
                0x0000000008005a64       0x35 obj/stm32f1xx_hal_dma.o
 *fill*         0x0000000008005a99        0x3 
 .rodata.UART_SetConfig.str1.4
                0x0000000008005a9c       0x36 obj/stm32f1xx_hal_uart.o
 *fill*         0x0000000008005ad2        0x2 
 .rodata.HAL_I2C_Init.str1.4
                0x0000000008005ad4       0x35 obj/stm32f1xx_hal_i2c.o
 *fill*         0x0000000008005b09        0x3 
 .rodata.MW_SetI2CClockSpeed.str1.4
                0x0000000008005b0c       0x26 obj/MW_I2C.o
 *fill*         0x0000000008005b32        0x2 
 .rodata.i2cid  0x0000000008005b34        0x8 obj/MW_I2C.o
 .rodata.MW_USARTSetBaudRate.str1.4
                0x0000000008005b3c       0x29 obj/MW_USART.o
 *fill*         0x0000000008005b65        0x3 
 .rodata.uartid
                0x0000000008005b68        0xc obj/MW_USART.o
 .rodata.MW_GPIOInit.str1.4
                0x0000000008005b74       0x28 obj/MW_GPIO.o
 .rodata.gpioid
                0x0000000008005b9c       0x10 obj/MW_GPIO.o
 .rodata._msg.str1.4
                0x0000000008005bac       0x10 obj/message.o
                                         0x12 (size before relaxing)
 .rodata.DD_RCInit.str1.4
                0x0000000008005bbc        0x3 obj/DD_RC.o
 *fill*         0x0000000008005bbf        0x1 
 .rodata.DD_RCPrint.str1.4
                0x0000000008005bc0       0x91 obj/DD_RC.o
                                         0x95 (size before relaxing)
 *fill*         0x0000000008005c51        0x3 
 .rodata.DD_MDHandPrint.str1.4
                0x0000000008005c54       0x25 obj/DD_MD.o
 *fill*         0x0000000008005c79        0x3 
 .rodata.DD_send2MD.str1.4
                0x0000000008005c7c       0x1c obj/DD_MD.o
 .rodata.__FUNCTION__.7840
                0x0000000008005c98        0xb obj/DD_MD.o
 *fill*         0x0000000008005ca3        0x1 
 .rodata.DD_ABHandPrint.str1.4
                0x0000000008005ca4       0x10 obj/DD_AB.o
 .rodata.DD_I2CSend.str1.4
                0x0000000008005cb4       0x27 obj/DD_Gene.o
                                         0x2c (size before relaxing)
 *fill*         0x0000000008005cdb        0x1 
 .rodata.__FUNCTION__.7875
                0x0000000008005cdc        0xb obj/DD_Gene.o
 *fill*         0x0000000008005ce7        0x1 
 .rodata.HAL_UART_RxCpltCallback.str1.4
                0x0000000008005ce8        0x7 obj/SystemTaskManager.o
 *fill*         0x0000000008005cef        0x1 
 .rodata.SY_clockInit.str1.4
                0x0000000008005cf0       0x3e obj/SystemTaskManager.o
                                         0x42 (size before relaxing)
 *fill*         0x0000000008005d2e        0x2 
 .rodata.SY_init.str1.4
                0x0000000008005d30       0x75 obj/SystemTaskManager.o
 *fill*         0x0000000008005da5        0x3 
 .rodata.__FUNCTION__.7968
                0x0000000008005da8        0x5 obj/SystemTaskManager.o
 *fill*         0x0000000008005dad        0x3 
 .rodata.__FUNCTION__.7997
                0x0000000008005db0        0x8 obj/SystemTaskManager.o
 .rodata.__FUNCTION__.8004
                0x0000000008005db8        0xd obj/SystemTaskManager.o
 *fill*         0x0000000008005dc5        0x3 
 .rodata.__FUNCTION__.8015
                0x0000000008005dc8       0x18 obj/SystemTaskManager.o
 .rodata.main.str1.4
                0x0000000008005de0       0x7c obj/SystemTaskManager.o
                                         0x81 (size before relaxing)
                0x0000000008005e5c                . = ALIGN (0x4)

.rel.dyn        0x0000000008005e5c        0x0
 .rel.iplt      0x0000000008005e5c        0x0 /usr/lib/gcc/arm-none-eabi/6.3.1/thumb/v7-m/crtbegin.o

.ARM.extab
 *(.ARM.extab* .gnu.linkonce.armextab.*)

.ARM            0x0000000008005e5c        0x0
                0x0000000008005e5c                __exidx_start = .
 *(.ARM.exidx*)
                0x0000000008005e5c                __exidx_end = .

.preinit_array  0x0000000008005e5c        0x0
                0x0000000008005e5c                PROVIDE (__preinit_array_start, .)
 *(.preinit_array*)
                0x0000000008005e5c                PROVIDE (__preinit_array_end, .)

.init_array     0x0000000008005e5c        0x4
                0x0000000008005e5c                PROVIDE (__init_array_start, .)
 *(SORT(.init_array.*))
 *(.init_array*)
 .init_array    0x0000000008005e5c        0x4 /usr/lib/gcc/arm-none-eabi/6.3.1/thumb/v7-m/crtbegin.o
                0x0000000008005e60                PROVIDE (__init_array_end, .)

.fini_array     0x0000000008005e60        0x4
                0x0000000008005e60                PROVIDE (__fini_array_start, .)
 *(SORT(.fini_array.*))
 *(.fini_array*)
 .fini_array    0x0000000008005e60        0x4 /usr/lib/gcc/arm-none-eabi/6.3.1/thumb/v7-m/crtbegin.o
                0x0000000008005e64                PROVIDE (__fini_array_end, .)
                0x0000000008005e64                _sidata = LOADADDR (.data)

.data           0x0000000020000000      0x1e8 load address 0x0000000008005e64
                0x0000000020000000                . = ALIGN (0x4)
                0x0000000020000000                _sdata = .
 *(.data)
 *(.data*)
 .data.SystemCoreClock
                0x0000000020000000        0x4 obj/system_stm32f1xx.o
                0x0000000020000000                SystemCoreClock
 .data.g_ab_h   0x0000000020000004        0x2 obj/deviceDefinition.o
                0x0000000020000004                g_ab_h
 *fill*         0x0000000020000006        0x2 
 .data.g_md_h   0x0000000020000008       0x2a obj/deviceDefinition.o
                0x0000000020000008                g_md_h
 *fill*         0x0000000020000032        0x2 
 .data.editlist
                0x0000000020000034       0x24 obj/constManager.o
                0x0000000020000034                editlist
 .data.hi2c1    0x0000000020000058       0x3c obj/MW_I2C.o
 .data.hi2c2    0x0000000020000094       0x3c obj/MW_I2C.o
 .data.htim1    0x00000000200000d0       0x3c obj/MW_TIM.o
 .data.hiwdg    0x000000002000010c       0x10 obj/MW_IWDG.o
 .data.huart1   0x000000002000011c       0x40 obj/MW_USART.o
                0x000000002000011c                huart1
 .data.huart2   0x000000002000015c       0x40 obj/MW_USART.o
                0x000000002000015c                huart2
 .data.huart3   0x000000002000019c       0x40 obj/MW_USART.o
                0x000000002000019c                huart3
 .data.had_completed
                0x00000000200001dc        0x1 obj/message.o
 *fill*         0x00000000200001dd        0x3 
 .data.is_not_avaiable
                0x00000000200001e0        0x4 obj/DD_RC.o
 .data.g_led_mode
                0x00000000200001e4        0x1 obj/SystemTaskManager.o
                0x00000000200001e4                g_led_mode
                0x00000000200001e8                . = ALIGN (0x4)
 *fill*         0x00000000200001e5        0x3 
                0x00000000200001e8                _edata = .

.jcr            0x00000000200001e8        0x0 load address 0x000000000800604c
 .jcr           0x00000000200001e8        0x0 /usr/lib/gcc/arm-none-eabi/6.3.1/thumb/v7-m/crtbegin.o

.tm_clone_table
                0x00000000200001e8        0x0 load address 0x000000000800604c
 .tm_clone_table
                0x00000000200001e8        0x0 /usr/lib/gcc/arm-none-eabi/6.3.1/thumb/v7-m/crtbegin.o
 .tm_clone_table
                0x00000000200001e8        0x0 /usr/lib/gcc/arm-none-eabi/6.3.1/thumb/v7-m/crtend.o

.igot.plt       0x00000000200001e8        0x0 load address 0x000000000800604c
 .igot.plt      0x00000000200001e8        0x0 /usr/lib/gcc/arm-none-eabi/6.3.1/thumb/v7-m/crtbegin.o
                0x00000000200001e8                . = ALIGN (0x4)

.bss            0x00000000200001e8      0x680 load address 0x000000000800604c
                0x00000000200001e8                _sbss = .
                0x00000000200001e8                __bss_start__ = _sbss
 *(.bss)
 .bss           0x00000000200001e8       0x1c /usr/lib/gcc/arm-none-eabi/6.3.1/thumb/v7-m/crtbegin.o
 *(.bss*)
 .bss.g_adjust  0x0000000020000204      0x144 obj/constManager.o
                0x0000000020000204                g_adjust
 .bss.g_c_data  0x0000000020000348       0x48 obj/constManager.o
                0x0000000020000348                g_c_data
 .bss.check.8493
                0x0000000020000390        0x4 obj/app.o
 .bss.check.8513
                0x0000000020000394        0x4 obj/app.o
 .bss.check_collect.8518
                0x0000000020000398        0x4 obj/app.o
 .bss.check_first.8507
                0x000000002000039c        0x4 obj/app.o
 .bss.check_load.8508
                0x00000000200003a0        0x4 obj/app.o
 .bss.check_release.8519
                0x00000000200003a4        0x4 obj/app.o
 .bss.count.8500
                0x00000000200003a8        0x4 obj/app.o
 .bss.count.8512
                0x00000000200003ac        0x4 obj/app.o
 .bss.count.8517
                0x00000000200003b0        0x4 obj/app.o
 .bss.hand_check.8499
                0x00000000200003b4        0x4 obj/app.o
 .bss.hdma_rx.7382
                0x00000000200003b8       0x38 obj/msp.o
 .bss.hdma_tx.7378
                0x00000000200003f0       0x38 obj/msp.o
 .bss.uwTick    0x0000000020000428        0x4 obj/stm32f1xx_hal.o
 .bss.GPIO_InitStruct
                0x000000002000042c       0x10 obj/MW_GPIO.o
 .bss.buff      0x000000002000043c      0x400 obj/message.o
 .bss.outptr    0x000000002000083c        0x4 obj/xprintf.o
                0x000000002000083c                outptr
 .bss.xfunc_out
                0x0000000020000840        0x4 obj/xprintf.o
                0x0000000020000840                xfunc_out
 .bss.ip        0x0000000020000844        0x4 obj/DD_RC.o
 .bss.rcv_data  0x0000000020000848        0x8 obj/DD_RC.o
 .bss.count_for_rc
                0x0000000020000850        0x4 obj/SystemTaskManager.o
 .bss.g_SY_system_counter
                0x0000000020000854        0x4 obj/SystemTaskManager.o
                0x0000000020000854                g_SY_system_counter
 .bss.g_rc_data
                0x0000000020000858        0x8 obj/SystemTaskManager.o
                0x0000000020000858                g_rc_data
 .bss.rc_rcv    0x0000000020000860        0x8 obj/SystemTaskManager.o
 *(COMMON)
                0x0000000020000868                . = ALIGN (0x4)
                0x0000000020000868                _ebss = .
                0x0000000020000868                __bss_end__ = _ebss

._user_heap_stack
                0x0000000020000868      0x600 load address 0x000000000800604c
                0x0000000020000868                . = ALIGN (0x8)
                [!provide]                        PROVIDE (end, .)
                [!provide]                        PROVIDE (_end, .)
                0x0000000020000a68                . = (. + _Min_Heap_Size)
 *fill*         0x0000000020000868      0x200 
                0x0000000020000e68                . = (. + _Min_Stack_Size)
 *fill*         0x0000000020000a68      0x400 
                0x0000000020000e68                . = ALIGN (0x8)

/DISCARD/
 libc.a(*)
 libm.a(*)
 libgcc.a(*)

.ARM.attributes
                0x0000000000000000       0x29
 *(.ARM.attributes)
 .ARM.attributes
                0x0000000000000000       0x1d /usr/lib/gcc/arm-none-eabi/6.3.1/thumb/v7-m/crti.o
 .ARM.attributes
                0x000000000000001d       0x2d /usr/lib/gcc/arm-none-eabi/6.3.1/thumb/v7-m/crtbegin.o
 .ARM.attributes
                0x000000000000004a       0x33 obj/system_stm32f1xx.o
 .ARM.attributes
                0x000000000000007d       0x33 obj/trapezoid_ctrl.o
 .ARM.attributes
                0x00000000000000b0       0x33 obj/deviceDefinition.o
 .ARM.attributes
                0x00000000000000e3       0x33 obj/constManager.o
 .ARM.attributes
                0x0000000000000116       0x33 obj/app.o
 .ARM.attributes
                0x0000000000000149       0x33 obj/stm32f1xx_it.o
 .ARM.attributes
                0x000000000000017c       0x33 obj/msp.o
 .ARM.attributes
                0x00000000000001af       0x33 obj/assert.o
 .ARM.attributes
                0x00000000000001e2       0x33 obj/stm32f1xx_hal_rcc.o
 .ARM.attributes
                0x0000000000000215       0x33 obj/stm32f1xx_hal_tim.o
 .ARM.attributes
                0x0000000000000248       0x33 obj/stm32f1xx_hal_rcc_ex.o
 .ARM.attributes
                0x000000000000027b       0x33 obj/stm32f1xx_hal_iwdg.o
 .ARM.attributes
                0x00000000000002ae       0x33 obj/stm32f1xx_hal_gpio.o
 .ARM.attributes
                0x00000000000002e1       0x33 obj/stm32f1xx_hal_cortex.o
 .ARM.attributes
                0x0000000000000314       0x33 obj/stm32f1xx_hal_tim_ex.o
 .ARM.attributes
                0x0000000000000347       0x33 obj/stm32f1xx_hal_dma.o
 .ARM.attributes
                0x000000000000037a       0x33 obj/stm32f1xx_hal_uart.o
 .ARM.attributes
                0x00000000000003ad       0x33 obj/stm32f1xx_hal.o
 .ARM.attributes
                0x00000000000003e0       0x33 obj/stm32f1xx_hal_i2c.o
 .ARM.attributes
                0x0000000000000413       0x33 obj/MW_I2C.o
 .ARM.attributes
                0x0000000000000446       0x33 obj/MW_TIM.o
 .ARM.attributes
                0x0000000000000479       0x33 obj/MW_IWDG.o
 .ARM.attributes
                0x00000000000004ac       0x33 obj/MW_USART.o
 .ARM.attributes
                0x00000000000004df       0x33 obj/MW_GPIO.o
 .ARM.attributes
                0x0000000000000512       0x33 obj/message.o
 .ARM.attributes
                0x0000000000000545       0x33 obj/xprintf.o
 .ARM.attributes
                0x0000000000000578       0x33 obj/DD_RC.o
 .ARM.attributes
                0x00000000000005ab       0x33 obj/DD_MD.o
 .ARM.attributes
                0x00000000000005de       0x33 obj/DD_AB.o
 .ARM.attributes
                0x0000000000000611       0x33 obj/DD_Gene.o
 .ARM.attributes
                0x0000000000000644       0x33 obj/SystemTaskManager.o
 .ARM.attributes
                0x0000000000000677       0x21 obj/startup.o
 .ARM.attributes
                0x0000000000000698       0x1d /usr/lib/gcc/arm-none-eabi/6.3.1/thumb/v7-m/libgcc.a(_arm_addsubdf3.o)
 .ARM.attributes
                0x00000000000006b5       0x1d /usr/lib/gcc/arm-none-eabi/6.3.1/thumb/v7-m/libgcc.a(_arm_muldivdf3.o)
 .ARM.attributes
                0x00000000000006d2       0x1d /usr/lib/gcc/arm-none-eabi/6.3.1/thumb/v7-m/libgcc.a(_arm_cmpdf2.o)
 .ARM.attributes
                0x00000000000006ef       0x1d /usr/lib/gcc/arm-none-eabi/6.3.1/thumb/v7-m/libgcc.a(_arm_fixdfsi.o)
 .ARM.attributes
                0x000000000000070c       0x2d /usr/lib/gcc/arm-none-eabi/6.3.1/../../../arm-none-eabi/lib/thumb/v7-m/libm.a(lib_a-w_atan2.o)
 .ARM.attributes
                0x0000000000000739       0x2d /usr/lib/gcc/arm-none-eabi/6.3.1/../../../arm-none-eabi/lib/thumb/v7-m/libm.a(lib_a-e_atan2.o)
 .ARM.attributes
                0x0000000000000766       0x2d /usr/lib/gcc/arm-none-eabi/6.3.1/../../../arm-none-eabi/lib/thumb/v7-m/libm.a(lib_a-s_atan.o)
 .ARM.attributes
                0x0000000000000793       0x2d /usr/lib/gcc/arm-none-eabi/6.3.1/../../../arm-none-eabi/lib/thumb/v7-m/libm.a(lib_a-s_fabs.o)
 .ARM.attributes
                0x00000000000007c0       0x2d /usr/lib/gcc/arm-none-eabi/6.3.1/../../../arm-none-eabi/lib/thumb/v7-m/libc_nano.a(lib_a-init.o)
 .ARM.attributes
                0x00000000000007ed       0x1b /usr/lib/gcc/arm-none-eabi/6.3.1/../../../arm-none-eabi/lib/thumb/v7-m/libc_nano.a(lib_a-memcpy.o)
 .ARM.attributes
                0x0000000000000808       0x2d /usr/lib/gcc/arm-none-eabi/6.3.1/thumb/v7-m/crtend.o
 .ARM.attributes
                0x0000000000000835       0x1d /usr/lib/gcc/arm-none-eabi/6.3.1/thumb/v7-m/crtn.o
OUTPUT(bin/Test.elf elf32-littlearm)

.comment        0x0000000000000000       0x31
 .comment       0x0000000000000000       0x31 /usr/lib/gcc/arm-none-eabi/6.3.1/thumb/v7-m/crtbegin.o
                                         0x32 (size before relaxing)
 .comment       0x0000000000000031       0x32 obj/system_stm32f1xx.o
 .comment       0x0000000000000031       0x32 obj/trapezoid_ctrl.o
 .comment       0x0000000000000031       0x32 obj/deviceDefinition.o
 .comment       0x0000000000000031       0x32 obj/constManager.o
 .comment       0x0000000000000031       0x32 obj/app.o
 .comment       0x0000000000000031       0x32 obj/stm32f1xx_it.o
 .comment       0x0000000000000031       0x32 obj/msp.o
 .comment       0x0000000000000031       0x32 obj/assert.o
 .comment       0x0000000000000031       0x32 obj/stm32f1xx_hal_rcc.o
 .comment       0x0000000000000031       0x32 obj/stm32f1xx_hal_tim.o
 .comment       0x0000000000000031       0x32 obj/stm32f1xx_hal_rcc_ex.o
 .comment       0x0000000000000031       0x32 obj/stm32f1xx_hal_iwdg.o
 .comment       0x0000000000000031       0x32 obj/stm32f1xx_hal_gpio.o
 .comment       0x0000000000000031       0x32 obj/stm32f1xx_hal_cortex.o
 .comment       0x0000000000000031       0x32 obj/stm32f1xx_hal_tim_ex.o
 .comment       0x0000000000000031       0x32 obj/stm32f1xx_hal_dma.o
 .comment       0x0000000000000031       0x32 obj/stm32f1xx_hal_uart.o
 .comment       0x0000000000000031       0x32 obj/stm32f1xx_hal.o
 .comment       0x0000000000000031       0x32 obj/stm32f1xx_hal_i2c.o
 .comment       0x0000000000000031       0x32 obj/MW_I2C.o
 .comment       0x0000000000000031       0x32 obj/MW_TIM.o
 .comment       0x0000000000000031       0x32 obj/MW_IWDG.o
 .comment       0x0000000000000031       0x32 obj/MW_USART.o
 .comment       0x0000000000000031       0x32 obj/MW_GPIO.o
 .comment       0x0000000000000031       0x32 obj/message.o
 .comment       0x0000000000000031       0x32 obj/xprintf.o
 .comment       0x0000000000000031       0x32 obj/DD_RC.o
 .comment       0x0000000000000031       0x32 obj/DD_MD.o
 .comment       0x0000000000000031       0x32 obj/DD_AB.o
 .comment       0x0000000000000031       0x32 obj/DD_Gene.o
 .comment       0x0000000000000031       0x32 obj/SystemTaskManager.o
 .comment       0x0000000000000031       0x32 /usr/lib/gcc/arm-none-eabi/6.3.1/../../../arm-none-eabi/lib/thumb/v7-m/libm.a(lib_a-w_atan2.o)
 .comment       0x0000000000000031       0x32 /usr/lib/gcc/arm-none-eabi/6.3.1/../../../arm-none-eabi/lib/thumb/v7-m/libm.a(lib_a-e_atan2.o)
 .comment       0x0000000000000031       0x32 /usr/lib/gcc/arm-none-eabi/6.3.1/../../../arm-none-eabi/lib/thumb/v7-m/libm.a(lib_a-s_atan.o)
 .comment       0x0000000000000031       0x32 /usr/lib/gcc/arm-none-eabi/6.3.1/../../../arm-none-eabi/lib/thumb/v7-m/libm.a(lib_a-s_fabs.o)
 .comment       0x0000000000000031       0x32 /usr/lib/gcc/arm-none-eabi/6.3.1/../../../arm-none-eabi/lib/thumb/v7-m/libc_nano.a(lib_a-init.o)
 .comment       0x0000000000000031       0x32 /usr/lib/gcc/arm-none-eabi/6.3.1/thumb/v7-m/crtend.o

.debug_info     0x0000000000000000    0x2ac77
 .debug_info    0x0000000000000000      0x3f2 obj/system_stm32f1xx.o
 .debug_info    0x00000000000003f2      0xa49 obj/trapezoid_ctrl.o
 .debug_info    0x0000000000000e3b      0xa98 obj/deviceDefinition.o
 .debug_info    0x00000000000018d3     0x18b4 obj/constManager.o
 .debug_info    0x0000000000003187     0x131a obj/app.o
 .debug_info    0x00000000000044a1      0xec7 obj/stm32f1xx_it.o
 .debug_info    0x0000000000005368     0x2261 obj/msp.o
 .debug_info    0x00000000000075c9      0x958 obj/assert.o
 .debug_info    0x0000000000007f21     0x1d7e obj/stm32f1xx_hal_rcc.o
 .debug_info    0x0000000000009c9f     0x4b77 obj/stm32f1xx_hal_tim.o
 .debug_info    0x000000000000e816      0xe56 obj/stm32f1xx_hal_rcc_ex.o
 .debug_info    0x000000000000f66c      0xc02 obj/stm32f1xx_hal_iwdg.o
 .debug_info    0x000000000001026e     0x106e obj/stm32f1xx_hal_gpio.o
 .debug_info    0x00000000000112dc     0x1540 obj/stm32f1xx_hal_cortex.o
 .debug_info    0x000000000001281c     0x1fed obj/stm32f1xx_hal_tim_ex.o
 .debug_info    0x0000000000014809      0xfe6 obj/stm32f1xx_hal_dma.o
 .debug_info    0x00000000000157ef     0x1c2f obj/stm32f1xx_hal_uart.o
 .debug_info    0x000000000001741e      0xefd obj/stm32f1xx_hal.o
 .debug_info    0x000000000001831b     0x34be obj/stm32f1xx_hal_i2c.o
 .debug_info    0x000000000001b7d9     0x10db obj/MW_I2C.o
 .debug_info    0x000000000001c8b4     0x134b obj/MW_TIM.o
 .debug_info    0x000000000001dbff      0xb97 obj/MW_IWDG.o
 .debug_info    0x000000000001e796     0x10a9 obj/MW_USART.o
 .debug_info    0x000000000001f83f      0xd13 obj/MW_GPIO.o
 .debug_info    0x0000000000020552     0x106a obj/message.o
 .debug_info    0x00000000000215bc     0x1361 obj/xprintf.o
 .debug_info    0x000000000002291d     0x1618 obj/DD_RC.o
 .debug_info    0x0000000000023f35      0xbab obj/DD_MD.o
 .debug_info    0x0000000000024ae0      0xacd obj/DD_AB.o
 .debug_info    0x00000000000255ad      0xd3c obj/DD_Gene.o
 .debug_info    0x00000000000262e9     0x1bf3 obj/SystemTaskManager.o
 .debug_info    0x0000000000027edc       0xc0 /usr/lib/gcc/arm-none-eabi/6.3.1/thumb/v7-m/libgcc.a(_arm_addsubdf3.o)
 .debug_info    0x0000000000027f9c       0xc0 /usr/lib/gcc/arm-none-eabi/6.3.1/thumb/v7-m/libgcc.a(_arm_muldivdf3.o)
 .debug_info    0x000000000002805c       0xc0 /usr/lib/gcc/arm-none-eabi/6.3.1/thumb/v7-m/libgcc.a(_arm_cmpdf2.o)
 .debug_info    0x000000000002811c       0xc0 /usr/lib/gcc/arm-none-eabi/6.3.1/thumb/v7-m/libgcc.a(_arm_fixdfsi.o)
 .debug_info    0x00000000000281dc      0x95a /usr/lib/gcc/arm-none-eabi/6.3.1/../../../arm-none-eabi/lib/thumb/v7-m/libm.a(lib_a-w_atan2.o)
 .debug_info    0x0000000000028b36      0xaf6 /usr/lib/gcc/arm-none-eabi/6.3.1/../../../arm-none-eabi/lib/thumb/v7-m/libm.a(lib_a-e_atan2.o)
 .debug_info    0x000000000002962c      0xae8 /usr/lib/gcc/arm-none-eabi/6.3.1/../../../arm-none-eabi/lib/thumb/v7-m/libm.a(lib_a-s_atan.o)
 .debug_info    0x000000000002a114      0x986 /usr/lib/gcc/arm-none-eabi/6.3.1/../../../arm-none-eabi/lib/thumb/v7-m/libm.a(lib_a-s_fabs.o)
 .debug_info    0x000000000002aa9a      0x110 /usr/lib/gcc/arm-none-eabi/6.3.1/../../../arm-none-eabi/lib/thumb/v7-m/libc_nano.a(lib_a-init.o)
 .debug_info    0x000000000002abaa       0xcd /usr/lib/gcc/arm-none-eabi/6.3.1/../../../arm-none-eabi/lib/thumb/v7-m/libc_nano.a(lib_a-memcpy.o)

.debug_abbrev   0x0000000000000000     0x5a54
 .debug_abbrev  0x0000000000000000      0x132 obj/system_stm32f1xx.o
 .debug_abbrev  0x0000000000000132      0x1ef obj/trapezoid_ctrl.o
 .debug_abbrev  0x0000000000000321      0x1b1 obj/deviceDefinition.o
 .debug_abbrev  0x00000000000004d2      0x326 obj/constManager.o
 .debug_abbrev  0x00000000000007f8      0x2b9 obj/app.o
 .debug_abbrev  0x0000000000000ab1      0x205 obj/stm32f1xx_it.o
 .debug_abbrev  0x0000000000000cb6      0x2af obj/msp.o
 .debug_abbrev  0x0000000000000f65      0x1b7 obj/assert.o
 .debug_abbrev  0x000000000000111c      0x32f obj/stm32f1xx_hal_rcc.o
 .debug_abbrev  0x000000000000144b      0x2e2 obj/stm32f1xx_hal_tim.o
 .debug_abbrev  0x000000000000172d      0x32e obj/stm32f1xx_hal_rcc_ex.o
 .debug_abbrev  0x0000000000001a5b      0x28e obj/stm32f1xx_hal_iwdg.o
 .debug_abbrev  0x0000000000001ce9      0x2d3 obj/stm32f1xx_hal_gpio.o
 .debug_abbrev  0x0000000000001fbc      0x3a1 obj/stm32f1xx_hal_cortex.o
 .debug_abbrev  0x000000000000235d      0x2d3 obj/stm32f1xx_hal_tim_ex.o
 .debug_abbrev  0x0000000000002630      0x2c9 obj/stm32f1xx_hal_dma.o
 .debug_abbrev  0x00000000000028f9      0x2f2 obj/stm32f1xx_hal_uart.o
 .debug_abbrev  0x0000000000002beb      0x32d obj/stm32f1xx_hal.o
 .debug_abbrev  0x0000000000002f18      0x2e5 obj/stm32f1xx_hal_i2c.o
 .debug_abbrev  0x00000000000031fd      0x24d obj/MW_I2C.o
 .debug_abbrev  0x000000000000344a      0x26f obj/MW_TIM.o
 .debug_abbrev  0x00000000000036b9      0x251 obj/MW_IWDG.o
 .debug_abbrev  0x000000000000390a      0x269 obj/MW_USART.o
 .debug_abbrev  0x0000000000003b73      0x26d obj/MW_GPIO.o
 .debug_abbrev  0x0000000000003de0      0x2d7 obj/message.o
 .debug_abbrev  0x00000000000040b7      0x350 obj/xprintf.o
 .debug_abbrev  0x0000000000004407      0x295 obj/DD_RC.o
 .debug_abbrev  0x000000000000469c      0x25c obj/DD_MD.o
 .debug_abbrev  0x00000000000048f8      0x233 obj/DD_AB.o
 .debug_abbrev  0x0000000000004b2b      0x258 obj/DD_Gene.o
 .debug_abbrev  0x0000000000004d83      0x303 obj/SystemTaskManager.o
 .debug_abbrev  0x0000000000005086       0x14 /usr/lib/gcc/arm-none-eabi/6.3.1/thumb/v7-m/libgcc.a(_arm_addsubdf3.o)
 .debug_abbrev  0x000000000000509a       0x14 /usr/lib/gcc/arm-none-eabi/6.3.1/thumb/v7-m/libgcc.a(_arm_muldivdf3.o)
 .debug_abbrev  0x00000000000050ae       0x14 /usr/lib/gcc/arm-none-eabi/6.3.1/thumb/v7-m/libgcc.a(_arm_cmpdf2.o)
 .debug_abbrev  0x00000000000050c2       0x14 /usr/lib/gcc/arm-none-eabi/6.3.1/thumb/v7-m/libgcc.a(_arm_fixdfsi.o)
 .debug_abbrev  0x00000000000050d6      0x204 /usr/lib/gcc/arm-none-eabi/6.3.1/../../../arm-none-eabi/lib/thumb/v7-m/libm.a(lib_a-w_atan2.o)
 .debug_abbrev  0x00000000000052da      0x260 /usr/lib/gcc/arm-none-eabi/6.3.1/../../../arm-none-eabi/lib/thumb/v7-m/libm.a(lib_a-e_atan2.o)
 .debug_abbrev  0x000000000000553a      0x250 /usr/lib/gcc/arm-none-eabi/6.3.1/../../../arm-none-eabi/lib/thumb/v7-m/libm.a(lib_a-s_atan.o)
 .debug_abbrev  0x000000000000578a      0x1fc /usr/lib/gcc/arm-none-eabi/6.3.1/../../../arm-none-eabi/lib/thumb/v7-m/libm.a(lib_a-s_fabs.o)
 .debug_abbrev  0x0000000000005986       0xba /usr/lib/gcc/arm-none-eabi/6.3.1/../../../arm-none-eabi/lib/thumb/v7-m/libc_nano.a(lib_a-init.o)
 .debug_abbrev  0x0000000000005a40       0x14 /usr/lib/gcc/arm-none-eabi/6.3.1/../../../arm-none-eabi/lib/thumb/v7-m/libc_nano.a(lib_a-memcpy.o)

.debug_loc      0x0000000000000000     0xc45b
 .debug_loc     0x0000000000000000       0xdf obj/system_stm32f1xx.o
 .debug_loc     0x00000000000000df      0x280 obj/trapezoid_ctrl.o
 .debug_loc     0x000000000000035f      0x371 obj/constManager.o
 .debug_loc     0x00000000000006d0      0x6d0 obj/app.o
 .debug_loc     0x0000000000000da0      0x396 obj/msp.o
 .debug_loc     0x0000000000001136      0x923 obj/stm32f1xx_hal_rcc.o
 .debug_loc     0x0000000000001a59     0x272f obj/stm32f1xx_hal_tim.o
 .debug_loc     0x0000000000004188      0x33f obj/stm32f1xx_hal_rcc_ex.o
 .debug_loc     0x00000000000044c7      0x101 obj/stm32f1xx_hal_iwdg.o
 .debug_loc     0x00000000000045c8      0x577 obj/stm32f1xx_hal_gpio.o
 .debug_loc     0x0000000000004b3f      0x6cd obj/stm32f1xx_hal_cortex.o
 .debug_loc     0x000000000000520c      0xc04 obj/stm32f1xx_hal_tim_ex.o
 .debug_loc     0x0000000000005e10      0x48a obj/stm32f1xx_hal_dma.o
 .debug_loc     0x000000000000629a     0x1115 obj/stm32f1xx_hal_uart.o
 .debug_loc     0x00000000000073af       0x81 obj/stm32f1xx_hal.o
 .debug_loc     0x0000000000007430     0x29d1 obj/stm32f1xx_hal_i2c.o
 .debug_loc     0x0000000000009e01      0x2c0 obj/MW_I2C.o
 .debug_loc     0x000000000000a0c1      0x29f obj/MW_TIM.o
 .debug_loc     0x000000000000a360      0x1b8 obj/MW_USART.o
 .debug_loc     0x000000000000a518      0x1ca obj/MW_GPIO.o
 .debug_loc     0x000000000000a6e2       0xc3 obj/message.o
 .debug_loc     0x000000000000a7a5      0x8fe obj/xprintf.o
 .debug_loc     0x000000000000b0a3      0x4b8 obj/DD_RC.o
 .debug_loc     0x000000000000b55b       0x52 obj/DD_MD.o
 .debug_loc     0x000000000000b5ad       0x42 obj/DD_AB.o
 .debug_loc     0x000000000000b5ef      0x1f5 obj/DD_Gene.o
 .debug_loc     0x000000000000b7e4      0x15d obj/SystemTaskManager.o
 .debug_loc     0x000000000000b941       0x50 /usr/lib/gcc/arm-none-eabi/6.3.1/../../../arm-none-eabi/lib/thumb/v7-m/libm.a(lib_a-w_atan2.o)
 .debug_loc     0x000000000000b991      0x66d /usr/lib/gcc/arm-none-eabi/6.3.1/../../../arm-none-eabi/lib/thumb/v7-m/libm.a(lib_a-e_atan2.o)
 .debug_loc     0x000000000000bffe      0x384 /usr/lib/gcc/arm-none-eabi/6.3.1/../../../arm-none-eabi/lib/thumb/v7-m/libm.a(lib_a-s_atan.o)
 .debug_loc     0x000000000000c382       0x2b /usr/lib/gcc/arm-none-eabi/6.3.1/../../../arm-none-eabi/lib/thumb/v7-m/libm.a(lib_a-s_fabs.o)
 .debug_loc     0x000000000000c3ad       0xae /usr/lib/gcc/arm-none-eabi/6.3.1/../../../arm-none-eabi/lib/thumb/v7-m/libc_nano.a(lib_a-init.o)

.debug_aranges  0x0000000000000000     0x1298
 .debug_aranges
                0x0000000000000000       0x28 obj/system_stm32f1xx.o
 .debug_aranges
                0x0000000000000028       0x20 obj/trapezoid_ctrl.o
 .debug_aranges
                0x0000000000000048       0x18 obj/deviceDefinition.o
 .debug_aranges
                0x0000000000000060       0x88 obj/constManager.o
 .debug_aranges
                0x00000000000000e8       0x60 obj/app.o
 .debug_aranges
                0x0000000000000148       0x80 obj/stm32f1xx_it.o
 .debug_aranges
                0x00000000000001c8       0x88 obj/msp.o
 .debug_aranges
                0x0000000000000250       0x20 obj/assert.o
 .debug_aranges
                0x0000000000000270       0x88 obj/stm32f1xx_hal_rcc.o
 .debug_aranges
                0x00000000000002f8      0x368 obj/stm32f1xx_hal_tim.o
 .debug_aranges
                0x0000000000000660       0x30 obj/stm32f1xx_hal_rcc_ex.o
 .debug_aranges
                0x0000000000000690       0x40 obj/stm32f1xx_hal_iwdg.o
 .debug_aranges
                0x00000000000006d0       0x58 obj/stm32f1xx_hal_gpio.o
 .debug_aranges
                0x0000000000000728       0x90 obj/stm32f1xx_hal_cortex.o
 .debug_aranges
                0x00000000000007b8      0x138 obj/stm32f1xx_hal_tim_ex.o
 .debug_aranges
                0x00000000000008f0       0x68 obj/stm32f1xx_hal_dma.o
 .debug_aranges
                0x0000000000000958      0x150 obj/stm32f1xx_hal_uart.o
 .debug_aranges
                0x0000000000000aa8       0xb0 obj/stm32f1xx_hal.o
 .debug_aranges
                0x0000000000000b58      0x218 obj/stm32f1xx_hal_i2c.o
 .debug_aranges
                0x0000000000000d70       0x58 obj/MW_I2C.o
 .debug_aranges
                0x0000000000000dc8       0x80 obj/MW_TIM.o
 .debug_aranges
                0x0000000000000e48       0x40 obj/MW_IWDG.o
 .debug_aranges
                0x0000000000000e88       0x60 obj/MW_USART.o
 .debug_aranges
                0x0000000000000ee8       0x58 obj/MW_GPIO.o
 .debug_aranges
                0x0000000000000f40       0x48 obj/message.o
 .debug_aranges
                0x0000000000000f88       0x70 obj/xprintf.o
 .debug_aranges
                0x0000000000000ff8       0x58 obj/DD_RC.o
 .debug_aranges
                0x0000000000001050       0x28 obj/DD_MD.o
 .debug_aranges
                0x0000000000001078       0x28 obj/DD_AB.o
 .debug_aranges
                0x00000000000010a0       0x50 obj/DD_Gene.o
 .debug_aranges
                0x00000000000010f0       0x68 obj/SystemTaskManager.o
 .debug_aranges
                0x0000000000001158       0x20 /usr/lib/gcc/arm-none-eabi/6.3.1/thumb/v7-m/libgcc.a(_arm_addsubdf3.o)
 .debug_aranges
                0x0000000000001178       0x20 /usr/lib/gcc/arm-none-eabi/6.3.1/thumb/v7-m/libgcc.a(_arm_muldivdf3.o)
 .debug_aranges
                0x0000000000001198       0x20 /usr/lib/gcc/arm-none-eabi/6.3.1/thumb/v7-m/libgcc.a(_arm_cmpdf2.o)
 .debug_aranges
                0x00000000000011b8       0x20 /usr/lib/gcc/arm-none-eabi/6.3.1/thumb/v7-m/libgcc.a(_arm_fixdfsi.o)
 .debug_aranges
                0x00000000000011d8       0x20 /usr/lib/gcc/arm-none-eabi/6.3.1/../../../arm-none-eabi/lib/thumb/v7-m/libm.a(lib_a-w_atan2.o)
 .debug_aranges
                0x00000000000011f8       0x20 /usr/lib/gcc/arm-none-eabi/6.3.1/../../../arm-none-eabi/lib/thumb/v7-m/libm.a(lib_a-e_atan2.o)
 .debug_aranges
                0x0000000000001218       0x20 /usr/lib/gcc/arm-none-eabi/6.3.1/../../../arm-none-eabi/lib/thumb/v7-m/libm.a(lib_a-s_atan.o)
 .debug_aranges
                0x0000000000001238       0x20 /usr/lib/gcc/arm-none-eabi/6.3.1/../../../arm-none-eabi/lib/thumb/v7-m/libm.a(lib_a-s_fabs.o)
 .debug_aranges
                0x0000000000001258       0x20 /usr/lib/gcc/arm-none-eabi/6.3.1/../../../arm-none-eabi/lib/thumb/v7-m/libc_nano.a(lib_a-init.o)
 .debug_aranges
                0x0000000000001278       0x20 /usr/lib/gcc/arm-none-eabi/6.3.1/../../../arm-none-eabi/lib/thumb/v7-m/libc_nano.a(lib_a-memcpy.o)

.debug_ranges   0x0000000000000000     0x1020
 .debug_ranges  0x0000000000000000       0x18 obj/system_stm32f1xx.o
 .debug_ranges  0x0000000000000018       0x10 obj/trapezoid_ctrl.o
 .debug_ranges  0x0000000000000028       0xa8 obj/constManager.o
 .debug_ranges  0x00000000000000d0       0x50 obj/app.o
 .debug_ranges  0x0000000000000120       0x70 obj/stm32f1xx_it.o
 .debug_ranges  0x0000000000000190       0x78 obj/msp.o
 .debug_ranges  0x0000000000000208       0x10 obj/assert.o
 .debug_ranges  0x0000000000000218       0x78 obj/stm32f1xx_hal_rcc.o
 .debug_ranges  0x0000000000000290      0x358 obj/stm32f1xx_hal_tim.o
 .debug_ranges  0x00000000000005e8       0x20 obj/stm32f1xx_hal_rcc_ex.o
 .debug_ranges  0x0000000000000608       0x30 obj/stm32f1xx_hal_iwdg.o
 .debug_ranges  0x0000000000000638       0x48 obj/stm32f1xx_hal_gpio.o
 .debug_ranges  0x0000000000000680       0xe0 obj/stm32f1xx_hal_cortex.o
 .debug_ranges  0x0000000000000760      0x128 obj/stm32f1xx_hal_tim_ex.o
 .debug_ranges  0x0000000000000888       0x58 obj/stm32f1xx_hal_dma.o
 .debug_ranges  0x00000000000008e0      0x140 obj/stm32f1xx_hal_uart.o
 .debug_ranges  0x0000000000000a20       0xa0 obj/stm32f1xx_hal.o
 .debug_ranges  0x0000000000000ac0      0x208 obj/stm32f1xx_hal_i2c.o
 .debug_ranges  0x0000000000000cc8       0x48 obj/MW_I2C.o
 .debug_ranges  0x0000000000000d10       0x70 obj/MW_TIM.o
 .debug_ranges  0x0000000000000d80       0x30 obj/MW_IWDG.o
 .debug_ranges  0x0000000000000db0       0x50 obj/MW_USART.o
 .debug_ranges  0x0000000000000e00       0x48 obj/MW_GPIO.o
 .debug_ranges  0x0000000000000e48       0x38 obj/message.o
 .debug_ranges  0x0000000000000e80       0x60 obj/xprintf.o
 .debug_ranges  0x0000000000000ee0       0x60 obj/DD_RC.o
 .debug_ranges  0x0000000000000f40       0x18 obj/DD_MD.o
 .debug_ranges  0x0000000000000f58       0x18 obj/DD_AB.o
 .debug_ranges  0x0000000000000f70       0x40 obj/DD_Gene.o
 .debug_ranges  0x0000000000000fb0       0x58 obj/SystemTaskManager.o
 .debug_ranges  0x0000000000001008       0x18 /usr/lib/gcc/arm-none-eabi/6.3.1/../../../arm-none-eabi/lib/thumb/v7-m/libm.a(lib_a-s_atan.o)

.debug_macro    0x0000000000000000    0x15b7d
 .debug_macro   0x0000000000000000       0xd1 obj/system_stm32f1xx.o
 .debug_macro   0x00000000000000d1      0x910 obj/system_stm32f1xx.o
 .debug_macro   0x00000000000009e1       0x2e obj/system_stm32f1xx.o
 .debug_macro   0x0000000000000a0f       0x22 obj/system_stm32f1xx.o
 .debug_macro   0x0000000000000a31       0x22 obj/system_stm32f1xx.o
 .debug_macro   0x0000000000000a53       0x87 obj/system_stm32f1xx.o
 .debug_macro   0x0000000000000ada       0x44 obj/system_stm32f1xx.o
 .debug_macro   0x0000000000000b1e       0xfd obj/system_stm32f1xx.o
 .debug_macro   0x0000000000000c1b       0x5e obj/system_stm32f1xx.o
 .debug_macro   0x0000000000000c79      0x1df obj/system_stm32f1xx.o
 .debug_macro   0x0000000000000e58       0x34 obj/system_stm32f1xx.o
 .debug_macro   0x0000000000000e8c       0x34 obj/system_stm32f1xx.o
 .debug_macro   0x0000000000000ec0      0xb8e obj/system_stm32f1xx.o
 .debug_macro   0x0000000000001a4e     0x69eb obj/system_stm32f1xx.o
 .debug_macro   0x0000000000008439       0x43 obj/system_stm32f1xx.o
 .debug_macro   0x000000000000847c      0x153 obj/trapezoid_ctrl.o
 .debug_macro   0x00000000000085cf       0x4c obj/trapezoid_ctrl.o
 .debug_macro   0x000000000000861b       0x8d obj/trapezoid_ctrl.o
 .debug_macro   0x00000000000086a8       0x35 obj/trapezoid_ctrl.o
 .debug_macro   0x00000000000086dd       0x9c obj/trapezoid_ctrl.o
 .debug_macro   0x0000000000008779       0x16 obj/trapezoid_ctrl.o
 .debug_macro   0x000000000000878f      0x10e obj/trapezoid_ctrl.o
 .debug_macro   0x000000000000889d       0x86 obj/trapezoid_ctrl.o
 .debug_macro   0x0000000000008923       0x4a obj/trapezoid_ctrl.o
 .debug_macro   0x000000000000896d       0x52 obj/trapezoid_ctrl.o
 .debug_macro   0x00000000000089bf       0x1f obj/trapezoid_ctrl.o
 .debug_macro   0x00000000000089de       0x43 obj/trapezoid_ctrl.o
 .debug_macro   0x0000000000008a21       0x20 obj/trapezoid_ctrl.o
 .debug_macro   0x0000000000008a41      0x187 obj/trapezoid_ctrl.o
 .debug_macro   0x0000000000008bc8      0x330 obj/trapezoid_ctrl.o
 .debug_macro   0x0000000000008ef8       0x16 obj/trapezoid_ctrl.o
 .debug_macro   0x0000000000008f0e       0x29 obj/trapezoid_ctrl.o
 .debug_macro   0x0000000000008f37       0x16 obj/trapezoid_ctrl.o
 .debug_macro   0x0000000000008f4d       0x28 obj/trapezoid_ctrl.o
 .debug_macro   0x0000000000008f75       0x10 obj/trapezoid_ctrl.o
 .debug_macro   0x0000000000008f85      0x3b8 obj/deviceDefinition.o
 .debug_macro   0x000000000000933d       0x7c obj/deviceDefinition.o
 .debug_macro   0x00000000000093b9       0x40 obj/deviceDefinition.o
 .debug_macro   0x00000000000093f9       0x58 obj/deviceDefinition.o
 .debug_macro   0x0000000000009451      0x1b1 obj/deviceDefinition.o
 .debug_macro   0x0000000000009602       0x3a obj/deviceDefinition.o
 .debug_macro   0x000000000000963c     0x3383 obj/deviceDefinition.o
 .debug_macro   0x000000000000c9bf       0x52 obj/deviceDefinition.o
 .debug_macro   0x000000000000ca11       0x16 obj/deviceDefinition.o
 .debug_macro   0x000000000000ca27       0x97 obj/deviceDefinition.o
 .debug_macro   0x000000000000cabe       0xf6 obj/deviceDefinition.o
 .debug_macro   0x000000000000cbb4       0x10 obj/deviceDefinition.o
 .debug_macro   0x000000000000cbc4       0x10 obj/deviceDefinition.o
 .debug_macro   0x000000000000cbd4       0x1c obj/deviceDefinition.o
 .debug_macro   0x000000000000cbf0       0x52 obj/deviceDefinition.o
 .debug_macro   0x000000000000cc42       0x40 obj/deviceDefinition.o
 .debug_macro   0x000000000000cc82       0x10 obj/deviceDefinition.o
 .debug_macro   0x000000000000cc92       0x40 obj/deviceDefinition.o
 .debug_macro   0x000000000000ccd2       0xd7 obj/deviceDefinition.o
 .debug_macro   0x000000000000cda9       0x16 obj/deviceDefinition.o
 .debug_macro   0x000000000000cdbf      0x189 obj/deviceDefinition.o
 .debug_macro   0x000000000000cf48       0x57 obj/deviceDefinition.o
 .debug_macro   0x000000000000cf9f      0x778 obj/deviceDefinition.o
 .debug_macro   0x000000000000d717      0x28b obj/deviceDefinition.o
 .debug_macro   0x000000000000d9a2      0x141 obj/deviceDefinition.o
 .debug_macro   0x000000000000dae3      0x197 obj/deviceDefinition.o
 .debug_macro   0x000000000000dc7a      0x1ae obj/deviceDefinition.o
 .debug_macro   0x000000000000de28       0x2d obj/deviceDefinition.o
 .debug_macro   0x000000000000de55       0x3c obj/deviceDefinition.o
 .debug_macro   0x000000000000de91       0x57 obj/deviceDefinition.o
 .debug_macro   0x000000000000dee8      0x46a obj/deviceDefinition.o
 .debug_macro   0x000000000000e352      0x1b5 obj/deviceDefinition.o
 .debug_macro   0x000000000000e507       0x8c obj/deviceDefinition.o
 .debug_macro   0x000000000000e593      0x242 obj/deviceDefinition.o
 .debug_macro   0x000000000000e7d5      0x225 obj/deviceDefinition.o
 .debug_macro   0x000000000000e9fa       0x99 obj/deviceDefinition.o
 .debug_macro   0x000000000000ea93      0x143 obj/deviceDefinition.o
 .debug_macro   0x000000000000ebd6      0x1f4 obj/deviceDefinition.o
 .debug_macro   0x000000000000edca      0x83e obj/deviceDefinition.o
 .debug_macro   0x000000000000f608       0x11 obj/deviceDefinition.o
 .debug_macro   0x000000000000f619      0x256 obj/deviceDefinition.o
 .debug_macro   0x000000000000f86f       0x7c obj/deviceDefinition.o
 .debug_macro   0x000000000000f8eb       0x35 obj/deviceDefinition.o
 .debug_macro   0x000000000000f920       0x16 obj/deviceDefinition.o
 .debug_macro   0x000000000000f936       0x2e obj/deviceDefinition.o
 .debug_macro   0x000000000000f964      0x384 obj/constManager.o
 .debug_macro   0x000000000000fce8       0xac obj/constManager.o
 .debug_macro   0x000000000000fd94       0x22 obj/constManager.o
 .debug_macro   0x000000000000fdb6       0x10 obj/constManager.o
 .debug_macro   0x000000000000fdc6      0x100 obj/constManager.o
 .debug_macro   0x000000000000fec6       0x1c obj/constManager.o
 .debug_macro   0x000000000000fee2       0x34 obj/constManager.o
 .debug_macro   0x000000000000ff16      0x4a0 obj/app.o
 .debug_macro   0x00000000000103b6       0x28 obj/app.o
 .debug_macro   0x00000000000103de      0x1e1 obj/app.o
 .debug_macro   0x00000000000105bf      0x332 obj/stm32f1xx_it.o
 .debug_macro   0x00000000000108f1       0x10 obj/stm32f1xx_it.o
 .debug_macro   0x0000000000010901      0x307 obj/msp.o
 .debug_macro   0x0000000000010c08      0x307 obj/assert.o
 .debug_macro   0x0000000000010f0f      0x32b obj/stm32f1xx_hal_rcc.o
 .debug_macro   0x000000000001123a      0x308 obj/stm32f1xx_hal_tim.o
 .debug_macro   0x0000000000011542      0x307 obj/stm32f1xx_hal_rcc_ex.o
 .debug_macro   0x0000000000011849      0x30d obj/stm32f1xx_hal_iwdg.o
 .debug_macro   0x0000000000011b56      0x377 obj/stm32f1xx_hal_gpio.o
 .debug_macro   0x0000000000011ecd      0x307 obj/stm32f1xx_hal_cortex.o
 .debug_macro   0x00000000000121d4      0x307 obj/stm32f1xx_hal_tim_ex.o
 .debug_macro   0x00000000000124db      0x30d obj/stm32f1xx_hal_dma.o
 .debug_macro   0x00000000000127e8      0x308 obj/stm32f1xx_hal_uart.o
 .debug_macro   0x0000000000012af0      0x32b obj/stm32f1xx_hal.o
 .debug_macro   0x0000000000012e1b      0x31d obj/stm32f1xx_hal_i2c.o
 .debug_macro   0x0000000000013138      0x34b obj/MW_I2C.o
 .debug_macro   0x0000000000013483      0x34a obj/MW_TIM.o
 .debug_macro   0x00000000000137cd       0x16 obj/MW_TIM.o
 .debug_macro   0x00000000000137e3      0x345 obj/MW_IWDG.o
 .debug_macro   0x0000000000013b28      0x34b obj/MW_USART.o
 .debug_macro   0x0000000000013e73      0x316 obj/MW_GPIO.o
 .debug_macro   0x0000000000014189       0x22 obj/MW_GPIO.o
 .debug_macro   0x00000000000141ab      0x389 obj/message.o
 .debug_macro   0x0000000000014534       0x22 obj/message.o
 .debug_macro   0x0000000000014556       0x58 obj/message.o
 .debug_macro   0x00000000000145ae       0x22 obj/message.o
 .debug_macro   0x00000000000145d0      0x325 obj/xprintf.o
 .debug_macro   0x00000000000148f5      0x378 obj/DD_RC.o
 .debug_macro   0x0000000000014c6d       0x1c obj/DD_RC.o
 .debug_macro   0x0000000000014c89      0x3a9 obj/DD_MD.o
 .debug_macro   0x0000000000015032      0x3a9 obj/DD_AB.o
 .debug_macro   0x00000000000153db      0x3b2 obj/DD_Gene.o
 .debug_macro   0x000000000001578d       0x10 obj/DD_Gene.o
 .debug_macro   0x000000000001579d      0x3d0 obj/SystemTaskManager.o
 .debug_macro   0x0000000000015b6d       0x10 obj/SystemTaskManager.o

.debug_line     0x0000000000000000    0x14302
 .debug_line    0x0000000000000000      0x256 obj/system_stm32f1xx.o
 .debug_line    0x0000000000000256      0x2ee obj/trapezoid_ctrl.o
 .debug_line    0x0000000000000544      0x8c4 obj/deviceDefinition.o
 .debug_line    0x0000000000000e08      0xa22 obj/constManager.o
 .debug_line    0x000000000000182a      0xcb6 obj/app.o
 .debug_line    0x00000000000024e0      0x7ba obj/stm32f1xx_it.o
 .debug_line    0x0000000000002c9a      0x7fa obj/msp.o
 .debug_line    0x0000000000003494      0x5ed obj/assert.o
 .debug_line    0x0000000000003a81      0xc4e obj/stm32f1xx_hal_rcc.o
 .debug_line    0x00000000000046cf     0x259d obj/stm32f1xx_hal_tim.o
 .debug_line    0x0000000000006c6c      0x766 obj/stm32f1xx_hal_rcc_ex.o
 .debug_line    0x00000000000073d2      0x6ca obj/stm32f1xx_hal_iwdg.o
 .debug_line    0x0000000000007a9c      0x8ae obj/stm32f1xx_hal_gpio.o
 .debug_line    0x000000000000834a      0x7f0 obj/stm32f1xx_hal_cortex.o
 .debug_line    0x0000000000008b3a      0xf77 obj/stm32f1xx_hal_tim_ex.o
 .debug_line    0x0000000000009ab1      0xaa0 obj/stm32f1xx_hal_dma.o
 .debug_line    0x000000000000a551      0xe1a obj/stm32f1xx_hal_uart.o
 .debug_line    0x000000000000b36b      0x764 obj/stm32f1xx_hal.o
 .debug_line    0x000000000000bacf     0x1705 obj/stm32f1xx_hal_i2c.o
 .debug_line    0x000000000000d1d4      0x707 obj/MW_I2C.o
 .debug_line    0x000000000000d8db      0x7a0 obj/MW_TIM.o
 .debug_line    0x000000000000e07b      0x6bd obj/MW_IWDG.o
 .debug_line    0x000000000000e738      0x71f obj/MW_USART.o
 .debug_line    0x000000000000ee57      0x6c2 obj/MW_GPIO.o
 .debug_line    0x000000000000f519      0x806 obj/message.o
 .debug_line    0x000000000000fd1f      0x8d5 obj/xprintf.o
 .debug_line    0x00000000000105f4      0x933 obj/DD_RC.o
 .debug_line    0x0000000000010f27      0x8a8 obj/DD_MD.o
 .debug_line    0x00000000000117cf      0x895 obj/DD_AB.o
 .debug_line    0x0000000000012064      0x98f obj/DD_Gene.o
 .debug_line    0x00000000000129f3      0xb4a obj/SystemTaskManager.o
 .debug_line    0x000000000001353d      0x183 /usr/lib/gcc/arm-none-eabi/6.3.1/thumb/v7-m/libgcc.a(_arm_addsubdf3.o)
 .debug_line    0x00000000000136c0      0x19f /usr/lib/gcc/arm-none-eabi/6.3.1/thumb/v7-m/libgcc.a(_arm_muldivdf3.o)
 .debug_line    0x000000000001385f       0xbe /usr/lib/gcc/arm-none-eabi/6.3.1/thumb/v7-m/libgcc.a(_arm_cmpdf2.o)
 .debug_line    0x000000000001391d       0x7a /usr/lib/gcc/arm-none-eabi/6.3.1/thumb/v7-m/libgcc.a(_arm_fixdfsi.o)
 .debug_line    0x0000000000013997      0x18a /usr/lib/gcc/arm-none-eabi/6.3.1/../../../arm-none-eabi/lib/thumb/v7-m/libm.a(lib_a-w_atan2.o)
 .debug_line    0x0000000000013b21      0x251 /usr/lib/gcc/arm-none-eabi/6.3.1/../../../arm-none-eabi/lib/thumb/v7-m/libm.a(lib_a-e_atan2.o)
 .debug_line    0x0000000000013d72      0x23f /usr/lib/gcc/arm-none-eabi/6.3.1/../../../arm-none-eabi/lib/thumb/v7-m/libm.a(lib_a-s_atan.o)
 .debug_line    0x0000000000013fb1      0x1da /usr/lib/gcc/arm-none-eabi/6.3.1/../../../arm-none-eabi/lib/thumb/v7-m/libm.a(lib_a-s_fabs.o)
 .debug_line    0x000000000001418b       0xb9 /usr/lib/gcc/arm-none-eabi/6.3.1/../../../arm-none-eabi/lib/thumb/v7-m/libc_nano.a(lib_a-init.o)
 .debug_line    0x0000000000014244       0xbe /usr/lib/gcc/arm-none-eabi/6.3.1/../../../arm-none-eabi/lib/thumb/v7-m/libc_nano.a(lib_a-memcpy.o)

.debug_str      0x0000000000000000    0x6c3e1
 .debug_str     0x0000000000000000    0x2d82d obj/system_stm32f1xx.o
                                      0x2da6f (size before relaxing)
 .debug_str     0x000000000002d82d     0x30cd obj/trapezoid_ctrl.o
                                       0x66ac (size before relaxing)
 .debug_str     0x00000000000308fa    0x355f3 obj/deviceDefinition.o
                                      0x6611d (size before relaxing)
 .debug_str     0x0000000000065eed      0xd98 obj/constManager.o
                                      0x66a21 (size before relaxing)
 .debug_str     0x0000000000066c85      0xdef obj/app.o
                                      0x6767f (size before relaxing)
 .debug_str     0x0000000000067a74      0x4ea obj/stm32f1xx_it.o
                                      0x66036 (size before relaxing)
 .debug_str     0x0000000000067f5e      0x9b4 obj/msp.o
                                      0x6683e (size before relaxing)
 .debug_str     0x0000000000068912       0x1f obj/assert.o
                                      0x659ab (size before relaxing)
 .debug_str     0x0000000000068931      0x44e obj/stm32f1xx_hal_rcc.o
                                      0x65ecb (size before relaxing)
 .debug_str     0x0000000000068d7f      0xcd7 obj/stm32f1xx_hal_tim.o
                                      0x66b1f (size before relaxing)
 .debug_str     0x0000000000069a56      0x128 obj/stm32f1xx_hal_rcc_ex.o
                                      0x65bca (size before relaxing)
 .debug_str     0x0000000000069b7e      0x162 obj/stm32f1xx_hal_iwdg.o
                                      0x65b98 (size before relaxing)
 .debug_str     0x0000000000069ce0      0x3d6 obj/stm32f1xx_hal_gpio.o
                                      0x65e9e (size before relaxing)
 .debug_str     0x000000000006a0b6      0x251 obj/stm32f1xx_hal_cortex.o
                                      0x660a7 (size before relaxing)
 .debug_str     0x000000000006a307      0x4a9 obj/stm32f1xx_hal_tim_ex.o
                                      0x663b9 (size before relaxing)
 .debug_str     0x000000000006a7b0      0x12d obj/stm32f1xx_hal_dma.o
                                      0x65d27 (size before relaxing)
 .debug_str     0x000000000006a8dd      0x35b obj/stm32f1xx_hal_uart.o
                                      0x6617a (size before relaxing)
 .debug_str     0x000000000006ac38      0x228 obj/stm32f1xx_hal.o
                                      0x660ad (size before relaxing)
 .debug_str     0x000000000006ae60      0x6c1 obj/stm32f1xx_hal_i2c.o
                                      0x664de (size before relaxing)
 .debug_str     0x000000000006b521      0x134 obj/MW_I2C.o
                                      0x65ffc (size before relaxing)
 .debug_str     0x000000000006b655      0x29a obj/MW_TIM.o
                                      0x661f2 (size before relaxing)
 .debug_str     0x000000000006b8ef       0x72 obj/MW_IWDG.o
                                      0x65c69 (size before relaxing)
 .debug_str     0x000000000006b961       0xfc obj/MW_USART.o
                                      0x65fe2 (size before relaxing)
 .debug_str     0x000000000006ba5d       0x9b obj/MW_GPIO.o
                                      0x65c5e (size before relaxing)
 .debug_str     0x000000000006baf8      0x28f obj/message.o
                                      0x663af (size before relaxing)
 .debug_str     0x000000000006bd87       0x77 obj/xprintf.o
                                      0x66036 (size before relaxing)
 .debug_str     0x000000000006bdfe      0x143 obj/DD_RC.o
                                      0x668b4 (size before relaxing)
 .debug_str     0x000000000006bf41       0x52 obj/DD_MD.o
                                      0x66037 (size before relaxing)
 .debug_str     0x000000000006bf93       0x3b obj/DD_AB.o
                                      0x66025 (size before relaxing)
 .debug_str     0x000000000006bfce       0x78 obj/DD_Gene.o
                                      0x6615e (size before relaxing)
 .debug_str     0x000000000006c046       0xa4 obj/SystemTaskManager.o
                                      0x66e50 (size before relaxing)
 .debug_str     0x000000000006c0ea      0x10b /usr/lib/gcc/arm-none-eabi/6.3.1/../../../arm-none-eabi/lib/thumb/v7-m/libm.a(lib_a-w_atan2.o)
                                        0x5ec (size before relaxing)
 .debug_str     0x000000000006c1f5       0x84 /usr/lib/gcc/arm-none-eabi/6.3.1/../../../arm-none-eabi/lib/thumb/v7-m/libm.a(lib_a-e_atan2.o)
                                        0x63e (size before relaxing)
 .debug_str     0x000000000006c279       0x47 /usr/lib/gcc/arm-none-eabi/6.3.1/../../../arm-none-eabi/lib/thumb/v7-m/libm.a(lib_a-s_atan.o)
                                        0x61d (size before relaxing)
 .debug_str     0x000000000006c2c0       0x34 /usr/lib/gcc/arm-none-eabi/6.3.1/../../../arm-none-eabi/lib/thumb/v7-m/libm.a(lib_a-s_fabs.o)
                                        0x600 (size before relaxing)
 .debug_str     0x000000000006c2f4       0xed /usr/lib/gcc/arm-none-eabi/6.3.1/../../../arm-none-eabi/lib/thumb/v7-m/libc_nano.a(lib_a-init.o)
                                        0x1f7 (size before relaxing)

.debug_frame    0x0000000000000000     0x3340
 .debug_frame   0x0000000000000000       0x30 obj/system_stm32f1xx.o
 .debug_frame   0x0000000000000030       0x2c obj/trapezoid_ctrl.o
 .debug_frame   0x000000000000005c      0x18c obj/constManager.o
 .debug_frame   0x00000000000001e8      0x10c obj/app.o
 .debug_frame   0x00000000000002f4      0x108 obj/stm32f1xx_it.o
 .debug_frame   0x00000000000003fc      0x190 obj/msp.o
 .debug_frame   0x000000000000058c       0x20 obj/assert.o
 .debug_frame   0x00000000000005ac      0x16c obj/stm32f1xx_hal_rcc.o
 .debug_frame   0x0000000000000718      0xa90 obj/stm32f1xx_hal_tim.o
 .debug_frame   0x00000000000011a8       0x6c obj/stm32f1xx_hal_rcc_ex.o
 .debug_frame   0x0000000000001214       0x80 obj/stm32f1xx_hal_iwdg.o
 .debug_frame   0x0000000000001294       0xfc obj/stm32f1xx_hal_gpio.o
 .debug_frame   0x0000000000001390      0x144 obj/stm32f1xx_hal_cortex.o
 .debug_frame   0x00000000000014d4      0x3c0 obj/stm32f1xx_hal_tim_ex.o
 .debug_frame   0x0000000000001894      0x124 obj/stm32f1xx_hal_dma.o
 .debug_frame   0x00000000000019b8      0x3a8 obj/stm32f1xx_hal_uart.o
 .debug_frame   0x0000000000001d60      0x168 obj/stm32f1xx_hal.o
 .debug_frame   0x0000000000001ec8      0x738 obj/stm32f1xx_hal_i2c.o
 .debug_frame   0x0000000000002600       0xf4 obj/MW_I2C.o
 .debug_frame   0x00000000000026f4      0x164 obj/MW_TIM.o
 .debug_frame   0x0000000000002858       0x78 obj/MW_IWDG.o
 .debug_frame   0x00000000000028d0      0x104 obj/MW_USART.o
 .debug_frame   0x00000000000029d4       0xbc obj/MW_GPIO.o
 .debug_frame   0x0000000000002a90       0xfc obj/message.o
 .debug_frame   0x0000000000002b8c      0x1a0 obj/xprintf.o
 .debug_frame   0x0000000000002d2c       0xd4 obj/DD_RC.o
 .debug_frame   0x0000000000002e00       0x4c obj/DD_MD.o
 .debug_frame   0x0000000000002e4c       0x44 obj/DD_AB.o
 .debug_frame   0x0000000000002e90       0xc8 obj/DD_Gene.o
 .debug_frame   0x0000000000002f58      0x118 obj/SystemTaskManager.o
 .debug_frame   0x0000000000003070       0xac /usr/lib/gcc/arm-none-eabi/6.3.1/thumb/v7-m/libgcc.a(_arm_addsubdf3.o)
 .debug_frame   0x000000000000311c       0x50 /usr/lib/gcc/arm-none-eabi/6.3.1/thumb/v7-m/libgcc.a(_arm_muldivdf3.o)
 .debug_frame   0x000000000000316c       0xc4 /usr/lib/gcc/arm-none-eabi/6.3.1/thumb/v7-m/libgcc.a(_arm_cmpdf2.o)
 .debug_frame   0x0000000000003230       0x24 /usr/lib/gcc/arm-none-eabi/6.3.1/thumb/v7-m/libgcc.a(_arm_fixdfsi.o)
 .debug_frame   0x0000000000003254       0x20 /usr/lib/gcc/arm-none-eabi/6.3.1/../../../arm-none-eabi/lib/thumb/v7-m/libm.a(lib_a-w_atan2.o)
 .debug_frame   0x0000000000003274       0x48 /usr/lib/gcc/arm-none-eabi/6.3.1/../../../arm-none-eabi/lib/thumb/v7-m/libm.a(lib_a-e_atan2.o)
 .debug_frame   0x00000000000032bc       0x38 /usr/lib/gcc/arm-none-eabi/6.3.1/../../../arm-none-eabi/lib/thumb/v7-m/libm.a(lib_a-s_atan.o)
 .debug_frame   0x00000000000032f4       0x20 /usr/lib/gcc/arm-none-eabi/6.3.1/../../../arm-none-eabi/lib/thumb/v7-m/libm.a(lib_a-s_fabs.o)
 .debug_frame   0x0000000000003314       0x2c /usr/lib/gcc/arm-none-eabi/6.3.1/../../../arm-none-eabi/lib/thumb/v7-m/libc_nano.a(lib_a-init.o)

Cross Reference Table

Symbol                                            File
ADC1_2_IRQHandler                                 obj/startup.o
ADC_ConversionStop_Disable                        obj/stm32f1xx_hal_adc.o
                                                  obj/stm32f1xx_hal_adc_ex.o
ADC_DMAConvCplt                                   obj/stm32f1xx_hal_adc.o
                                                  obj/stm32f1xx_hal_adc_ex.o
ADC_DMAError                                      obj/stm32f1xx_hal_adc.o
                                                  obj/stm32f1xx_hal_adc_ex.o
ADC_DMAHalfConvCplt                               obj/stm32f1xx_hal_adc.o
                                                  obj/stm32f1xx_hal_adc_ex.o
ADC_Enable                                        obj/stm32f1xx_hal_adc.o
                                                  obj/stm32f1xx_hal_adc_ex.o
AHBPrescTable                                     obj/system_stm32f1xx.o
                                                  obj/stm32f1xx_hal_rcc.o
APBPrescTable                                     obj/system_stm32f1xx.o
                                                  obj/stm32f1xx_hal_rcc.o
BusFault_Handler                                  obj/stm32f1xx_it.o
CAN1_RX1_IRQHandler                               obj/startup.o
CAN1_SCE_IRQHandler                               obj/startup.o
DD_ABHandPrint                                    obj/DD_AB.o
                                                  obj/DD_Gene.o
DD_I2CReceive                                     obj/DD_Gene.o
                                                  obj/DD_SV.o
DD_I2CSend                                        obj/DD_Gene.o
                                                  obj/DD_AB.o
                                                  obj/DD_MD.o
                                                  obj/DD_SV.o
DD_I2CSlaveSend                                   obj/DD_Gene.o
DD_I2CSlaveSend_IT                                obj/DD_Gene.o
DD_InitEncoder1                                   obj/DD_ENCODER.o
DD_InitEncoder2                                   obj/DD_ENCODER.o
DD_MDHandPrint                                    obj/DD_MD.o
                                                  obj/DD_Gene.o
DD_RCGetLX                                        obj/DD_RC.o
                                                  obj/app.o
DD_RCGetLY                                        obj/DD_RC.o
                                                  obj/app.o
DD_RCGetRX                                        obj/DD_RC.o
                                                  obj/app.o
DD_RCGetRY                                        obj/DD_RC.o
DD_RCInit                                         obj/DD_RC.o
                                                  obj/SystemTaskManager.o
DD_RCPrint                                        obj/DD_RC.o
                                                  obj/SystemTaskManager.o
                                                  obj/constManager.o
DD_RCTask                                         obj/DD_RC.o
                                                  obj/SystemTaskManager.o
DD_RC_element                                     obj/DD_RC.o
DD_doTasks                                        obj/DD_Gene.o
                                                  obj/SystemTaskManager.o
DD_encoder1Get_int32                              obj/DD_ENCODER.o
DD_encoder1update                                 obj/DD_ENCODER.o
DD_encoder2Get_int32                              obj/DD_ENCODER.o
DD_encoder2update                                 obj/DD_ENCODER.o
DD_encoderprint                                   obj/DD_ENCODER.o
DD_initialize                                     obj/DD_Gene.o
                                                  obj/SystemTaskManager.o
DD_print                                          obj/DD_Gene.o
                                                  obj/SystemTaskManager.o
DD_send2AB                                        obj/DD_AB.o
                                                  obj/DD_Gene.o
DD_send2MD                                        obj/DD_MD.o
                                                  obj/DD_Gene.o
DMA1_Channel1_IRQHandler                          obj/startup.o
DMA1_Channel2_IRQHandler                          obj/startup.o
DMA1_Channel3_IRQHandler                          obj/stm32f1xx_it.o
DMA1_Channel4_IRQHandler                          obj/startup.o
DMA1_Channel5_IRQHandler                          obj/startup.o
DMA1_Channel6_IRQHandler                          obj/startup.o
DMA1_Channel7_IRQHandler                          obj/stm32f1xx_it.o
DebugMon_Handler                                  obj/stm32f1xx_it.o
Default_Handler                                   obj/startup.o
EXTI0_IRQHandler                                  obj/startup.o
EXTI15_10_IRQHandler                              obj/startup.o
EXTI1_IRQHandler                                  obj/startup.o
EXTI2_IRQHandler                                  obj/startup.o
EXTI3_IRQHandler                                  obj/startup.o
EXTI4_IRQHandler                                  obj/startup.o
EXTI9_5_IRQHandler                                obj/startup.o
Error_Handler                                     obj/msp.o
FLASH_IRQHandler                                  obj/startup.o
FLASH_PageErase                                   obj/stm32f1xx_hal_flash_ex.o
                                                  obj/stm32f1xx_hal_flash.o